Archive member included to satisfy reference by file (symbol)

/usr/lib/gcc/arm-none-eabi/9.2.1/thumb/v6-m/nofp/libgcc.a(_dvmd_tls.o)
                              CMakeFiles/org2-main-recreate.dir/tree/downloaded_tools/pico/pico-sdk/src/rp2_common/pico_divider/divider.S.obj (__aeabi_idiv0)
/usr/lib/gcc/arm-none-eabi/9.2.1/../../../arm-none-eabi/lib/thumb/v6-m/nofp/libg.a(lib_a-atexit.o)
                              /usr/lib/gcc/arm-none-eabi/9.2.1/../../../arm-none-eabi/lib/thumb/v6-m/nofp/crt0.o (atexit)
/usr/lib/gcc/arm-none-eabi/9.2.1/../../../arm-none-eabi/lib/thumb/v6-m/nofp/libg.a(lib_a-calloc.o)
                              CMakeFiles/org2-main-recreate.dir/tree/downloaded_tools/pico/pico-sdk/src/rp2_common/pico_malloc/pico_malloc.c.obj (calloc)
/usr/lib/gcc/arm-none-eabi/9.2.1/../../../arm-none-eabi/lib/thumb/v6-m/nofp/libg.a(lib_a-callocr.o)
                              /usr/lib/gcc/arm-none-eabi/9.2.1/../../../arm-none-eabi/lib/thumb/v6-m/nofp/libg.a(lib_a-calloc.o) (_calloc_r)
/usr/lib/gcc/arm-none-eabi/9.2.1/../../../arm-none-eabi/lib/thumb/v6-m/nofp/libg.a(lib_a-ctype_.o)
                              CMakeFiles/org2-main-recreate.dir/tree/downloaded_tools/pico/pico-sdk/lib/tinyusb/src/tusb.c.obj (_ctype_)
/usr/lib/gcc/arm-none-eabi/9.2.1/../../../arm-none-eabi/lib/thumb/v6-m/nofp/libg.a(lib_a-errno.o)
                              CMakeFiles/org2-main-recreate.dir/tree/downloaded_tools/pico/no-OS-FatFS-SD-SPI-RPi-Pico/FatFs_SPI/src/ff_stdio.c.obj (__errno)
/usr/lib/gcc/arm-none-eabi/9.2.1/../../../arm-none-eabi/lib/thumb/v6-m/nofp/libg.a(lib_a-fflush.o)
                              CMakeFiles/org2-main-recreate.dir/tree/downloaded_tools/pico/no-OS-FatFS-SD-SPI-RPi-Pico/FatFs_SPI/sd_driver/demo_logging.c.obj (fflush)
/usr/lib/gcc/arm-none-eabi/9.2.1/../../../arm-none-eabi/lib/thumb/v6-m/nofp/libg.a(lib_a-findfp.o)
                              /usr/lib/gcc/arm-none-eabi/9.2.1/../../../arm-none-eabi/lib/thumb/v6-m/nofp/libg.a(lib_a-fflush.o) (__sinit)
/usr/lib/gcc/arm-none-eabi/9.2.1/../../../arm-none-eabi/lib/thumb/v6-m/nofp/libg.a(lib_a-fini.o)
                              /usr/lib/gcc/arm-none-eabi/9.2.1/../../../arm-none-eabi/lib/thumb/v6-m/nofp/crt0.o (__libc_fini_array)
/usr/lib/gcc/arm-none-eabi/9.2.1/../../../arm-none-eabi/lib/thumb/v6-m/nofp/libg.a(lib_a-freer.o)
                              /usr/lib/gcc/arm-none-eabi/9.2.1/../../../arm-none-eabi/lib/thumb/v6-m/nofp/libg.a(lib_a-fflush.o) (_free_r)
/usr/lib/gcc/arm-none-eabi/9.2.1/../../../arm-none-eabi/lib/thumb/v6-m/nofp/libg.a(lib_a-fwalk.o)
                              /usr/lib/gcc/arm-none-eabi/9.2.1/../../../arm-none-eabi/lib/thumb/v6-m/nofp/libg.a(lib_a-findfp.o) (_fwalk)
/usr/lib/gcc/arm-none-eabi/9.2.1/../../../arm-none-eabi/lib/thumb/v6-m/nofp/libg.a(lib_a-impure.o)
                              /usr/lib/gcc/arm-none-eabi/9.2.1/../../../arm-none-eabi/lib/thumb/v6-m/nofp/libg.a(lib_a-fflush.o) (_global_impure_ptr)
/usr/lib/gcc/arm-none-eabi/9.2.1/../../../arm-none-eabi/lib/thumb/v6-m/nofp/libg.a(lib_a-init.o)
                              /usr/lib/gcc/arm-none-eabi/9.2.1/../../../arm-none-eabi/lib/thumb/v6-m/nofp/crt0.o (__libc_init_array)
/usr/lib/gcc/arm-none-eabi/9.2.1/../../../arm-none-eabi/lib/thumb/v6-m/nofp/libg.a(lib_a-malloc.o)
                              CMakeFiles/org2-main-recreate.dir/tree/downloaded_tools/pico/pico-sdk/src/rp2_common/pico_malloc/pico_malloc.c.obj (malloc)
/usr/lib/gcc/arm-none-eabi/9.2.1/../../../arm-none-eabi/lib/thumb/v6-m/nofp/libg.a(lib_a-mallocr.o)
                              /usr/lib/gcc/arm-none-eabi/9.2.1/../../../arm-none-eabi/lib/thumb/v6-m/nofp/libg.a(lib_a-callocr.o) (_malloc_r)
/usr/lib/gcc/arm-none-eabi/9.2.1/../../../arm-none-eabi/lib/thumb/v6-m/nofp/libg.a(lib_a-mktime.o)
                              CMakeFiles/org2-main-recreate.dir/tree/downloaded_tools/pico/no-OS-FatFS-SD-SPI-RPi-Pico/FatFs_SPI/src/rtc.c.obj (mktime)
/usr/lib/gcc/arm-none-eabi/9.2.1/../../../arm-none-eabi/lib/thumb/v6-m/nofp/libg.a(lib_a-mlock.o)
                              /usr/lib/gcc/arm-none-eabi/9.2.1/../../../arm-none-eabi/lib/thumb/v6-m/nofp/libg.a(lib_a-freer.o) (__malloc_lock)
/usr/lib/gcc/arm-none-eabi/9.2.1/../../../arm-none-eabi/lib/thumb/v6-m/nofp/libg.a(lib_a-sbrkr.o)
                              /usr/lib/gcc/arm-none-eabi/9.2.1/../../../arm-none-eabi/lib/thumb/v6-m/nofp/libg.a(lib_a-freer.o) (_sbrk_r)
/usr/lib/gcc/arm-none-eabi/9.2.1/../../../arm-none-eabi/lib/thumb/v6-m/nofp/libg.a(lib_a-stdio.o)
                              /usr/lib/gcc/arm-none-eabi/9.2.1/../../../arm-none-eabi/lib/thumb/v6-m/nofp/libg.a(lib_a-findfp.o) (__sread)
/usr/lib/gcc/arm-none-eabi/9.2.1/../../../arm-none-eabi/lib/thumb/v6-m/nofp/libg.a(lib_a-strcat.o)
                              CMakeFiles/org2-main-recreate.dir/org2-main-recreate.c.obj (strcat)
/usr/lib/gcc/arm-none-eabi/9.2.1/../../../arm-none-eabi/lib/thumb/v6-m/nofp/libg.a(lib_a-strchr.o)
[...]
Memory Configuration

Name             Origin             Length             Attributes
FLASH            0x0000000010000000 0x0000000000200000 xr
RAM              0x0000000020000000 0x0000000000040000 xrw
SCRATCH_X        0x0000000020040000 0x0000000000001000 xrw
SCRATCH_Y        0x0000000020041000 0x0000000000001000 xrw
*default*        0x0000000000000000 0xffffffffffffffff

Linker script and memory map

LOAD /usr/lib/gcc/arm-none-eabi/9.2.1/thumb/v6-m/nofp/crti.o
LOAD /usr/lib/gcc/arm-none-eabi/9.2.1/thumb/v6-m/nofp/crtbegin.o
LOAD /usr/lib/gcc/arm-none-eabi/9.2.1/../../../arm-none-eabi/lib/thumb/v6-m/nofp/crt0.o

.flash_begin    0x0000000010000000        0x0
                0x0000000010000000                __flash_binary_start = .

.boot2          0x0000000010000000      0x100
                0x0000000010000000                __boot2_start__ = .
 *(.boot2)
 .boot2         0x0000000010000000      0x100 /tmp/cc75f4Xx.o
                0x0000000010000100                __boot2_end__ = .
                0x0000000000000001                ASSERT (((__boot2_end__ - __boot2_start__) == 0x100), ERROR: Pico second stage bootloader must be 256 bytes in size)

.text           0x0000000010000100     0x7c60
                0x0000000010000100                __logical_binary_start = .
 *(.vectors)
 .vectors       0x0000000010000100       0xd4 CMakeFiles/org2-main-recreate.dir/tree/downloaded_tools/pico/pico-sdk/src/rp2_common/pico_standard_link/crt0.S.obj
                0x0000000010000100                __vectors
                0x0000000010000100                __VECTOR_TABLE
                0x00000000100001c0                isr_invalid
                0x00000000100001c0                __default_isrs_start
                0x00000000100001c2                isr_nmi
                0x00000000100001c4                isr_hardfault
                0x00000000100001c6                isr_svcall
                0x00000000100001c8                isr_pendsv
                0x00000000100001ca                isr_systick
                0x00000000100001cc                isr_irq30
                0x00000000100001cc                __unhandled_user_irq
                0x00000000100001cc                isr_irq13
                0x00000000100001cc                isr_irq27
                0x00000000100001cc                isr_irq31
                0x00000000100001cc                isr_irq5
                0x00000000100001cc                isr_irq11
                0x00000000100001cc                isr_irq23
                0x00000000100001cc                isr_irq18
                0x00000000100001cc                isr_irq28
                0x00000000100001cc                isr_irq19
                0x00000000100001cc                isr_irq0
                0x00000000100001cc                isr_irq6
                0x00000000100001cc                isr_irq22
                0x00000000100001cc                isr_irq17
                0x00000000100001cc                isr_irq14
                0x00000000100001cc                isr_irq2
                0x00000000100001cc                isr_irq10
                0x00000000100001cc                isr_irq8
                0x00000000100001cc                isr_irq24
                0x00000000100001cc                isr_irq1
                0x00000000100001cc                isr_irq7
                0x00000000100001cc                isr_irq21
                0x00000000100001cc                isr_irq20
                0x00000000100001cc                isr_irq15
                0x00000000100001cc                isr_irq25
                0x00000000100001cc                isr_irq4
                0x00000000100001cc                isr_irq16
                0x00000000100001cc                isr_irq29
                0x00000000100001cc                isr_irq26
                0x00000000100001cc                __default_isrs_end
                0x00000000100001cc                isr_irq3
                0x00000000100001cc                isr_irq12
                0x00000000100001cc                isr_irq9
                0x00000000100001d2                unhandled_user_irq_num_in_r0
 *(.binary_info_header)
 .binary_info_header
                0x00000000100001d4       0x14 CMakeFiles/org2-main-recreate.dir/tree/downloaded_tools/pico/pico-sdk/src/rp2_common/pico_standard_link/crt0.S.obj
                0x00000000100001e8                __binary_info_header_end = .
 *(.reset)
 .reset         0x00000000100001e8       0xa8 CMakeFiles/org2-main-recreate.dir/tree/downloaded_tools/pico/pico-sdk/src/rp2_common/pico_standard_link/crt0.S.obj
                0x00000000100001e8                _entry_point
                0x0000000010000266                __get_current_exception
 .reset         0x0000000010000290       0x30 CMakeFiles/org2-main-recreate.dir/tree/downloaded_tools/pico/pico-sdk/src/rp2_common/pico_standard_link/binary_info.c.obj
 *(.init)
 .init          0x00000000100002c0        0x4 /usr/lib/gcc/arm-none-eabi/9.2.1/thumb/v6-m/nofp/crti.o
                0x00000000100002c0                _init
 *(EXCLUDE_FILE(*libm.a: *libc.a:*lib_a-mem*.o *libgcc.a:) .text*)
 .text          0x00000000100002c4       0x98 /usr/lib/gcc/arm-none-eabi/9.2.1/thumb/v6-m/nofp/crtbegin.o
 .text.i2c_release
                0x000000001000035c       0x16 CMakeFiles/org2-main-recreate.dir/org2-main-recreate.c.obj
                0x000000001000035c                i2c_release
 .text.i2c_delay
                0x0000000010000372        0xc CMakeFiles/org2-main-recreate.dir/org2-main-recreate.c.obj
                0x0000000010000372                i2c_delay
 .text.i2c_sda_low
                0x000000001000037e        0xe CMakeFiles/org2-main-recreate.dir/org2-main-recreate.c.obj
                0x000000001000037e                i2c_sda_low
 .text.i2c_sda_high
                0x000000001000038c        0xc CMakeFiles/org2-main-recreate.dir/org2-main-recreate.c.obj
                0x000000001000038c                i2c_sda_high
 .text.i2c_scl_low
                0x0000000010000398        0xe CMakeFiles/org2-main-recreate.dir/org2-main-recreate.c.obj
                0x0000000010000398                i2c_scl_low
 .text.i2c_scl_high
                0x00000000100003a6        0xc CMakeFiles/org2-main-recreate.dir/org2-main-recreate.c.obj
                0x00000000100003a6                i2c_scl_high
 .text.i2c_read_sda
                0x00000000100003b2        0xe CMakeFiles/org2-main-recreate.dir/org2-main-recreate.c.obj
                0x00000000100003b2                i2c_read_sda
 .text.i2c_start
                0x00000000100003c0       0x1c CMakeFiles/org2-main-recreate.dir/org2-main-recreate.c.obj
                0x00000000100003c0                i2c_start
 .text.i2c_stop
                0x00000000100003dc       0x1c CMakeFiles/org2-main-recreate.dir/org2-main-recreate.c.obj
                0x00000000100003dc                i2c_stop
 .text.i2c_send_byte
                0x00000000100003f8       0x7e CMakeFiles/org2-main-recreate.dir/org2-main-recreate.c.obj
                0x00000000100003f8                i2c_send_byte
 .text.i2c_init
                0x0000000010000476       0x10 CMakeFiles/org2-main-recreate.dir/org2-main-recreate.c.obj
                0x0000000010000476                i2c_init
 .text.oled_send_cmd
                0x0000000010000486       0x70 CMakeFiles/org2-main-recreate.dir/org2-main-recreate.c.obj
                0x0000000010000486                oled_send_cmd
 .text.oled_set_xy
                0x00000000100004f6       0x54 CMakeFiles/org2-main-recreate.dir/org2-main-recreate.c.obj
                0x00000000100004f6                oled_set_xy
 .text.oled_gap
                0x000000001000054a       0x18 CMakeFiles/org2-main-recreate.dir/org2-main-recreate.c.obj
                0x000000001000054a                oled_gap
 *fill*         0x0000000010000562        0x2 
 .text.oled_display_string
                0x0000000010000564       0x50 CMakeFiles/org2-main-recreate.dir/org2-main-recreate.c.obj
                0x0000000010000564                oled_display_string
 .text.oled_clear_display
                0x00000000100005b4       0x34 CMakeFiles/org2-main-recreate.dir/org2-main-recreate.c.obj
                0x00000000100005b4                oled_clear_display
 .text.oled_setup
                0x00000000100005e8       0x48 CMakeFiles/org2-main-recreate.dir/org2-main-recreate.c.obj
                0x00000000100005e8                oled_setup
 .text.main     0x0000000010000630      0x5bc CMakeFiles/org2-main-recreate.dir/org2-main-recreate.c.obj
                0x0000000010000630                main
 .text.gpio_set_function
                0x0000000010000bec       0x30 CMakeFiles/org2-main-recreate.dir/tree/downloaded_tools/pico/pico-sdk/src/rp2_common/hardware_gpio/gpio.c.obj
                0x0000000010000bec                gpio_set_function
 .text.gpio_init
                0x0000000010000c1c       0x16 CMakeFiles/org2-main-recreate.dir/tree/downloaded_tools/pico/pico-sdk/src/rp2_common/hardware_gpio/gpio.c.obj
                0x0000000010000c1c                gpio_init
 *fill*         0x0000000010000c32        0x2 
 .text.hw_claim_lock
                0x0000000010000c34       0x18 CMakeFiles/org2-main-recreate.dir/tree/downloaded_tools/pico/pico-sdk/src/rp2_common/hardware_claim/claim.c.obj
                0x0000000010000c34                hw_claim_lock
 .text.hw_claim_unlock
                0x0000000010000c4c       0x14 CMakeFiles/org2-main-recreate.dir/tree/downloaded_tools/pico/pico-sdk/src/rp2_common/hardware_claim/claim.c.obj
                0x0000000010000c4c                hw_claim_unlock
 .text.hw_claim_or_assert
                0x0000000010000c60       0x32 CMakeFiles/org2-main-recreate.dir/tree/downloaded_tools/pico/pico-sdk/src/rp2_common/hardware_claim/claim.c.obj
                0x0000000010000c60                hw_claim_or_assert
 .text.hw_claim_unused_from_range
                0x0000000010000c92       0x50 CMakeFiles/org2-main-recreate.dir/tree/downloaded_tools/pico/pico-sdk/src/rp2_common/hardware_claim/claim.c.obj
                0x0000000010000c92                hw_claim_unused_from_range
 *fill*         0x0000000010000ce2        0x2 
 .text.running_on_fpga
                0x0000000010000ce4       0x14 CMakeFiles/org2-main-recreate.dir/tree/downloaded_tools/pico/pico-sdk/src/rp2_common/pico_platform/platform.c.obj
                0x0000000010000ce4                running_on_fpga
 .text.spin_locks_reset
                0x0000000010000cf8       0x20 CMakeFiles/org2-main-recreate.dir/tree/downloaded_tools/pico/pico-sdk/src/rp2_common/hardware_sync/sync.c.obj
                0x0000000010000cf8                spin_locks_reset
 .text.next_striped_spin_lock_num
                0x0000000010000d18       0x1c CMakeFiles/org2-main-recreate.dir/tree/downloaded_tools/pico/pico-sdk/src/rp2_common/hardware_sync/sync.c.obj
                0x0000000010000d18                next_striped_spin_lock_num
 .text.spin_lock_claim_unused
                0x0000000010000d34       0x20 CMakeFiles/org2-main-recreate.dir/tree/downloaded_tools/pico/pico-sdk/src/rp2_common/hardware_sync/sync.c.obj
                0x0000000010000d34                spin_lock_claim_unused
 .text.uart_set_baudrate
                0x0000000010000d54       0x5c CMakeFiles/org2-main-recreate.dir/tree/downloaded_tools/pico/pico-sdk/src/rp2_common/hardware_uart/uart.c.obj
                0x0000000010000d54                uart_set_baudrate
 .text.uart_set_translate_crlf
                0x0000000010000db0       0x28 CMakeFiles/org2-main-recreate.dir/tree/downloaded_tools/pico/pico-sdk/src/rp2_common/hardware_uart/uart.c.obj
                0x0000000010000db0                uart_set_translate_crlf
 .text.uart_init
                0x0000000010000dd8       0x80 CMakeFiles/org2-main-recreate.dir/tree/downloaded_tools/pico/pico-sdk/src/rp2_common/hardware_uart/uart.c.obj
                0x0000000010000dd8                uart_init
 .text.alarm_pool_post_alloc_init
                0x0000000010000e58       0x40 CMakeFiles/org2-main-recreate.dir/tree/downloaded_tools/pico/pico-sdk/src/common/pico_time/time.c.obj
 .text.sleep_until_callback
                0x0000000010000e98       0x30 CMakeFiles/org2-main-recreate.dir/tree/downloaded_tools/pico/pico-sdk/src/common/pico_time/time.c.obj
 .text.timer_pool_entry_comparator
                0x0000000010000ec8       0x7c CMakeFiles/org2-main-recreate.dir/tree/downloaded_tools/pico/pico-sdk/src/common/pico_time/time.c.obj
                0x0000000010000ec8                timer_pool_entry_comparator
 .text.ph_add_child_node
                0x0000000010000f44       0xa4 CMakeFiles/org2-main-recreate.dir/tree/downloaded_tools/pico/pico-sdk/src/common/pico_time/time.c.obj
 .text.ph_merge_nodes
                0x0000000010000fe8       0x3e CMakeFiles/org2-main-recreate.dir/tree/downloaded_tools/pico/pico-sdk/src/common/pico_time/time.c.obj
 *fill*         0x0000000010001026        0x2 
 .text.add_alarm_under_lock
                0x0000000010001028      0x174 CMakeFiles/org2-main-recreate.dir/tree/downloaded_tools/pico/pico-sdk/src/common/pico_time/time.c.obj
 .text.alarm_pool_alarm_callback
                0x000000001000119c      0x32c CMakeFiles/org2-main-recreate.dir/tree/downloaded_tools/pico/pico-sdk/src/common/pico_time/time.c.obj
 .text.alarm_pool_init_default
                0x00000000100014c8       0x38 CMakeFiles/org2-main-recreate.dir/tree/downloaded_tools/pico/pico-sdk/src/common/pico_time/time.c.obj
                0x00000000100014c8                alarm_pool_init_default
 .text.alarm_pool_get_default
                0x0000000010001500       0x2c CMakeFiles/org2-main-recreate.dir/tree/downloaded_tools/pico/pico-sdk/src/common/pico_time/time.c.obj
                0x0000000010001500                alarm_pool_get_default
 .text.alarm_pool_add_alarm_at
                0x000000001000152c      0x170 CMakeFiles/org2-main-recreate.dir/tree/downloaded_tools/pico/pico-sdk/src/common/pico_time/time.c.obj
                0x000000001000152c                alarm_pool_add_alarm_at
 .text.alarm_pool_cancel_alarm
                0x000000001000169c       0xec CMakeFiles/org2-main-recreate.dir/tree/downloaded_tools/pico/pico-sdk/src/common/pico_time/time.c.obj
                0x000000001000169c                alarm_pool_cancel_alarm
 .text.sleep_until
                0x0000000010001788       0xfc CMakeFiles/org2-main-recreate.dir/tree/downloaded_tools/pico/pico-sdk/src/common/pico_time/time.c.obj
                0x0000000010001788                sleep_until
 .text.sleep_us
                0x0000000010001884       0x58 CMakeFiles/org2-main-recreate.dir/tree/downloaded_tools/pico/pico-sdk/src/common/pico_time/time.c.obj
                0x0000000010001884                sleep_us
 .text.best_effort_wfe_or_timeout
                0x00000000100018dc       0x80 CMakeFiles/org2-main-recreate.dir/tree/downloaded_tools/pico/pico-sdk/src/common/pico_time/time.c.obj
                0x00000000100018dc                best_effort_wfe_or_timeout
 .text.hardware_alarm_irq_handler
                0x000000001000195c       0x8c CMakeFiles/org2-main-recreate.dir/tree/downloaded_tools/pico/pico-sdk/src/rp2_common/hardware_timer/timer.c.obj
 .text.hardware_alarm_claim
                0x00000000100019e8       0x18 CMakeFiles/org2-main-recreate.dir/tree/downloaded_tools/pico/pico-sdk/src/rp2_common/hardware_timer/timer.c.obj
                0x00000000100019e8                hardware_alarm_claim
 .text.time_us_64
                0x0000000010001a00       0x18 CMakeFiles/org2-main-recreate.dir/tree/downloaded_tools/pico/pico-sdk/src/rp2_common/hardware_timer/timer.c.obj
                0x0000000010001a00                time_us_64
 .text.busy_wait_until
                0x0000000010001a18       0x24 CMakeFiles/org2-main-recreate.dir/tree/downloaded_tools/pico/pico-sdk/src/rp2_common/hardware_timer/timer.c.obj
                0x0000000010001a18                busy_wait_until
 .text.busy_wait_us
                0x0000000010001a3c       0x48 CMakeFiles/org2-main-recreate.dir/tree/downloaded_tools/pico/pico-sdk/src/rp2_common/hardware_timer/timer.c.obj
                0x0000000010001a3c                busy_wait_us
 .text.hardware_alarm_set_callback
                0x0000000010001a84       0x90 CMakeFiles/org2-main-recreate.dir/tree/downloaded_tools/pico/pico-sdk/src/rp2_common/hardware_timer/timer.c.obj
                0x0000000010001a84                hardware_alarm_set_callback
 .text.hardware_alarm_set_target
                0x0000000010001b14       0xe8 CMakeFiles/org2-main-recreate.dir/tree/downloaded_tools/pico/pico-sdk/src/rp2_common/hardware_timer/timer.c.obj
                0x0000000010001b14                hardware_alarm_set_target
 .text.hardware_alarm_cancel
                0x0000000010001bfc       0x40 CMakeFiles/org2-main-recreate.dir/tree/downloaded_tools/pico/pico-sdk/src/rp2_common/hardware_timer/timer.c.obj
                0x0000000010001bfc                hardware_alarm_cancel
 .text.lock_init
                0x0000000010001c3c       0x10 CMakeFiles/org2-main-recreate.dir/tree/downloaded_tools/pico/pico-sdk/src/common/pico_sync/lock_core.c.obj
                0x0000000010001c3c                lock_init
 .text.mutex_init_internal
                0x0000000010001c4c       0x1e CMakeFiles/org2-main-recreate.dir/tree/downloaded_tools/pico/pico-sdk/src/common/pico_sync/mutex.c.obj
 .text.mutex_init
                0x0000000010001c6a        0xa CMakeFiles/org2-main-recreate.dir/tree/downloaded_tools/pico/pico-sdk/src/common/pico_sync/mutex.c.obj
                0x0000000010001c6a                mutex_init
 .text.recursive_mutex_init
                0x0000000010001c74        0xa CMakeFiles/org2-main-recreate.dir/tree/downloaded_tools/pico/pico-sdk/src/common/pico_sync/mutex.c.obj
                0x0000000010001c74                recursive_mutex_init
 *fill*         0x0000000010001c7e        0x2 
 .text.critical_section_init_with_lock_num
                0x0000000010001c80       0x14 CMakeFiles/org2-main-recreate.dir/tree/downloaded_tools/pico/pico-sdk/src/common/pico_sync/critical_section.c.obj
                0x0000000010001c80                critical_section_init_with_lock_num
 .text.critical_section_init
                0x0000000010001c94       0x14 CMakeFiles/org2-main-recreate.dir/tree/downloaded_tools/pico/pico-sdk/src/common/pico_sync/critical_section.c.obj
                0x0000000010001c94                critical_section_init
 .text.ph_add_child_node
                0x0000000010001ca8       0xa4 CMakeFiles/org2-main-recreate.dir/tree/downloaded_tools/pico/pico-sdk/src/common/pico_util/pheap.c.obj
 .text.ph_merge_nodes
                0x0000000010001d4c       0x3e CMakeFiles/org2-main-recreate.dir/tree/downloaded_tools/pico/pico-sdk/src/common/pico_util/pheap.c.obj
 *fill*         0x0000000010001d8a        0x2 
 .text.ph_clear
                0x0000000010001d8c       0x70 CMakeFiles/org2-main-recreate.dir/tree/downloaded_tools/pico/pico-sdk/src/common/pico_util/pheap.c.obj
                0x0000000010001d8c                ph_clear
 .text.ph_post_alloc_init
                0x0000000010001dfc        0xe CMakeFiles/org2-main-recreate.dir/tree/downloaded_tools/pico/pico-sdk/src/common/pico_util/pheap.c.obj
                0x0000000010001dfc                ph_post_alloc_init
 *fill*         0x0000000010001e0a        0x2 
 .text.ph_merge_two_pass
                0x0000000010001e0c       0xa8 CMakeFiles/org2-main-recreate.dir/tree/downloaded_tools/pico/pico-sdk/src/common/pico_util/pheap.c.obj
                0x0000000010001e0c                ph_merge_two_pass
 .text.ph_remove_any_head
                0x0000000010001eb4      0x108 CMakeFiles/org2-main-recreate.dir/tree/downloaded_tools/pico/pico-sdk/src/common/pico_util/pheap.c.obj
 .text.ph_remove_head
                0x0000000010001fbc       0x14 CMakeFiles/org2-main-recreate.dir/tree/downloaded_tools/pico/pico-sdk/src/common/pico_util/pheap.c.obj
                0x0000000010001fbc                ph_remove_head
 .text.ph_remove_and_free_node
                0x0000000010001fd0       0xf8 CMakeFiles/org2-main-recreate.dir/tree/downloaded_tools/pico/pico-sdk/src/common/pico_util/pheap.c.obj
                0x0000000010001fd0                ph_remove_and_free_node
 .text.runtime_init
                0x00000000100020c8       0xd8 CMakeFiles/org2-main-recreate.dir/tree/downloaded_tools/pico/pico-sdk/src/rp2_common/pico_runtime/runtime.c.obj
                0x00000000100020c8                runtime_init
 .text._exit    0x00000000100021a0        0x4 CMakeFiles/org2-main-recreate.dir/tree/downloaded_tools/pico/pico-sdk/src/rp2_common/pico_runtime/runtime.c.obj
                0x00000000100021a0                _exit
 .text.exit     0x00000000100021a4        0x6 CMakeFiles/org2-main-recreate.dir/tree/downloaded_tools/pico/pico-sdk/src/rp2_common/pico_runtime/runtime.c.obj
                0x00000000100021a4                exit
 *fill*         0x00000000100021aa        0x2 
 .text.__assert_func
                0x00000000100021ac       0x3c CMakeFiles/org2-main-recreate.dir/tree/downloaded_tools/pico/pico-sdk/src/rp2_common/pico_runtime/runtime.c.obj
                0x00000000100021ac                __assert_func
 .text.panic    0x00000000100021e8       0x30 CMakeFiles/org2-main-recreate.dir/tree/downloaded_tools/pico/pico-sdk/src/rp2_common/pico_runtime/runtime.c.obj
                0x00000000100021e8                panic
 .text.clock_configure
                0x0000000010002218      0x104 CMakeFiles/org2-main-recreate.dir/tree/downloaded_tools/pico/pico-sdk/src/rp2_common/hardware_clocks/clocks.c.obj
                0x0000000010002218                clock_configure
 .text.clocks_init
                0x000000001000231c      0x100 CMakeFiles/org2-main-recreate.dir/tree/downloaded_tools/pico/pico-sdk/src/rp2_common/hardware_clocks/clocks.c.obj
                0x000000001000231c                clocks_init
 .text.clock_get_hz
                0x000000001000241c        0xc CMakeFiles/org2-main-recreate.dir/tree/downloaded_tools/pico/pico-sdk/src/rp2_common/hardware_clocks/clocks.c.obj
                0x000000001000241c                clock_get_hz
 .text.set_raw_irq_handler_and_unlock
                0x0000000010002428       0x28 CMakeFiles/org2-main-recreate.dir/tree/downloaded_tools/pico/pico-sdk/src/rp2_common/hardware_irq/irq.c.obj
 .text.make_branch
                0x0000000010002450       0x34 CMakeFiles/org2-main-recreate.dir/tree/downloaded_tools/pico/pico-sdk/src/rp2_common/hardware_irq/irq.c.obj
 .text.insert_branch_and_link
                0x0000000010002484       0x40 CMakeFiles/org2-main-recreate.dir/tree/downloaded_tools/pico/pico-sdk/src/rp2_common/hardware_irq/irq.c.obj
 .text.irq_is_enabled
                0x00000000100024c4       0x18 CMakeFiles/org2-main-recreate.dir/tree/downloaded_tools/pico/pico-sdk/src/rp2_common/hardware_irq/irq.c.obj
                0x00000000100024c4                irq_is_enabled
 .text.irq_set_mask_enabled
                0x00000000100024dc       0x20 CMakeFiles/org2-main-recreate.dir/tree/downloaded_tools/pico/pico-sdk/src/rp2_common/hardware_irq/irq.c.obj
                0x00000000100024dc                irq_set_mask_enabled
 .text.irq_set_enabled
                0x00000000100024fc        0xe CMakeFiles/org2-main-recreate.dir/tree/downloaded_tools/pico/pico-sdk/src/rp2_common/hardware_irq/irq.c.obj
                0x00000000100024fc                irq_set_enabled
 *fill*         0x000000001000250a        0x2 
 .text.irq_set_pending
                0x000000001000250c       0x10 CMakeFiles/org2-main-recreate.dir/tree/downloaded_tools/pico/pico-sdk/src/rp2_common/hardware_irq/irq.c.obj
                0x000000001000250c                irq_set_pending
 .text.irq_get_vtable_handler
                0x000000001000251c       0x10 CMakeFiles/org2-main-recreate.dir/tree/downloaded_tools/pico/pico-sdk/src/rp2_common/hardware_irq/irq.c.obj
                0x000000001000251c                irq_get_vtable_handler
 .text.irq_set_exclusive_handler
                0x000000001000252c       0x54 CMakeFiles/org2-main-recreate.dir/tree/downloaded_tools/pico/pico-sdk/src/rp2_common/hardware_irq/irq.c.obj
                0x000000001000252c                irq_set_exclusive_handler
 .text.irq_remove_handler
                0x0000000010002580      0x1ac CMakeFiles/org2-main-recreate.dir/tree/downloaded_tools/pico/pico-sdk/src/rp2_common/hardware_irq/irq.c.obj
                0x0000000010002580                irq_remove_handler
 .text.irq_set_priority
                0x000000001000272c       0x28 CMakeFiles/org2-main-recreate.dir/tree/downloaded_tools/pico/pico-sdk/src/rp2_common/hardware_irq/irq.c.obj
                0x000000001000272c                irq_set_priority
 .text.irq_add_tail_to_free_list
                0x0000000010002754       0xf0 CMakeFiles/org2-main-recreate.dir/tree/downloaded_tools/pico/pico-sdk/src/rp2_common/hardware_irq/irq.c.obj
                0x0000000010002754                irq_add_tail_to_free_list
 .text.irq_init_priorities
                0x0000000010002844       0x16 CMakeFiles/org2-main-recreate.dir/tree/downloaded_tools/pico/pico-sdk/src/rp2_common/hardware_irq/irq.c.obj
                0x0000000010002844                irq_init_priorities
 *fill*         0x000000001000285a        0x2 
 .text.pll_init
                0x000000001000285c      0x118 CMakeFiles/org2-main-recreate.dir/tree/downloaded_tools/pico/pico-sdk/src/rp2_common/hardware_pll/pll.c.obj
                0x000000001000285c                pll_init
 .text.watchdog_start_tick
                0x0000000010002974       0x10 CMakeFiles/org2-main-recreate.dir/tree/downloaded_tools/pico/pico-sdk/src/rp2_common/hardware_watchdog/watchdog.c.obj
                0x0000000010002974                watchdog_start_tick
 .text.watchdog_update
                0x0000000010002984       0x14 CMakeFiles/org2-main-recreate.dir/tree/downloaded_tools/pico/pico-sdk/src/rp2_common/hardware_watchdog/watchdog.c.obj
                0x0000000010002984                watchdog_update
 .text._watchdog_enable
                0x0000000010002998       0x70 CMakeFiles/org2-main-recreate.dir/tree/downloaded_tools/pico/pico-sdk/src/rp2_common/hardware_watchdog/watchdog.c.obj
                0x0000000010002998                _watchdog_enable
 .text.watchdog_reboot
                0x0000000010002a08       0x48 CMakeFiles/org2-main-recreate.dir/tree/downloaded_tools/pico/pico-sdk/src/rp2_common/hardware_watchdog/watchdog.c.obj
                0x0000000010002a08                watchdog_reboot
 .text.xosc_init
                0x0000000010002a50       0x28 CMakeFiles/org2-main-recreate.dir/tree/downloaded_tools/pico/pico-sdk/src/rp2_common/hardware_xosc/xosc.c.obj
                0x0000000010002a50                xosc_init
 .text._out_buffer
                0x0000000010002a78        0x8 CMakeFiles/org2-main-recreate.dir/tree/downloaded_tools/pico/pico-sdk/src/rp2_common/pico_printf/printf.c.obj
 .text._out_null
                0x0000000010002a80        0x2 CMakeFiles/org2-main-recreate.dir/tree/downloaded_tools/pico/pico-sdk/src/rp2_common/pico_printf/printf.c.obj
 .text._out_fct
                0x0000000010002a82        0xe CMakeFiles/org2-main-recreate.dir/tree/downloaded_tools/pico/pico-sdk/src/rp2_common/pico_printf/printf.c.obj
 .text._atoi    0x0000000010002a90       0x24 CMakeFiles/org2-main-recreate.dir/tree/downloaded_tools/pico/pico-sdk/src/rp2_common/pico_printf/printf.c.obj
 .text._out_rev
                0x0000000010002ab4       0xae CMakeFiles/org2-main-recreate.dir/tree/downloaded_tools/pico/pico-sdk/src/rp2_common/pico_printf/printf.c.obj
 .text._ntoa_format
                0x0000000010002b62      0x110 CMakeFiles/org2-main-recreate.dir/tree/downloaded_tools/pico/pico-sdk/src/rp2_common/pico_printf/printf.c.obj
 .text._ntoa_long
                0x0000000010002c72       0xbc CMakeFiles/org2-main-recreate.dir/tree/downloaded_tools/pico/pico-sdk/src/rp2_common/pico_printf/printf.c.obj
 .text._ntoa_long_long
                0x0000000010002d2e       0xe2 CMakeFiles/org2-main-recreate.dir/tree/downloaded_tools/pico/pico-sdk/src/rp2_common/pico_printf/printf.c.obj
 .text._etoa    0x0000000010002e10      0x40c CMakeFiles/org2-main-recreate.dir/tree/downloaded_tools/pico/pico-sdk/src/rp2_common/pico_printf/printf.c.obj
 .text._ftoa    0x000000001000321c      0x354 CMakeFiles/org2-main-recreate.dir/tree/downloaded_tools/pico/pico-sdk/src/rp2_common/pico_printf/printf.c.obj
 .text._vsnprintf
                0x0000000010003570      0x628 CMakeFiles/org2-main-recreate.dir/tree/downloaded_tools/pico/pico-sdk/src/rp2_common/pico_printf/printf.c.obj
 .text.__wrap_sprintf
                0x0000000010003b98       0x28 CMakeFiles/org2-main-recreate.dir/tree/downloaded_tools/pico/pico-sdk/src/rp2_common/pico_printf/printf.c.obj
                0x0000000010003b98                __wrap_sprintf
 .text.vfctprintf
                0x0000000010003bc0       0x20 CMakeFiles/org2-main-recreate.dir/tree/downloaded_tools/pico/pico-sdk/src/rp2_common/pico_printf/printf.c.obj
                0x0000000010003bc0                vfctprintf
 .text          0x0000000010003be0       0x10 CMakeFiles/org2-main-recreate.dir/tree/downloaded_tools/pico/pico-sdk/src/rp2_common/pico_bit_ops/bit_ops_aeabi.S.obj
 .text.rom_func_lookup
                0x0000000010003bf0       0x10 CMakeFiles/org2-main-recreate.dir/tree/downloaded_tools/pico/pico-sdk/src/rp2_common/pico_bootrom/bootrom.c.obj
                0x0000000010003bf0                rom_func_lookup
 .text.rom_data_lookup
                0x0000000010003c00       0x10 CMakeFiles/org2-main-recreate.dir/tree/downloaded_tools/pico/pico-sdk/src/rp2_common/pico_bootrom/bootrom.c.obj
                0x0000000010003c00                rom_data_lookup
 .text.rom_funcs_lookup
                0x0000000010003c10       0x36 CMakeFiles/org2-main-recreate.dir/tree/downloaded_tools/pico/pico-sdk/src/rp2_common/pico_bootrom/bootrom.c.obj
                0x0000000010003c10                rom_funcs_lookup
 *fill*         0x0000000010003c46        0x2 
 .text.__wrap___aeabi_idiv
                0x0000000010003c48       0x50 CMakeFiles/org2-main-recreate.dir/tree/downloaded_tools/pico/pico-sdk/src/rp2_common/pico_divider/divider.S.obj
                0x0000000010003c48                __wrap___aeabi_idivmod
                0x0000000010003c48                divmod_s32s32
                0x0000000010003c48                div_s32s32
                0x0000000010003c48                __wrap___aeabi_idiv
                0x0000000010003c50                divmod_s32s32_unsafe
                0x0000000010003c7c                divmod_s32s32_savestate
 .text.__wrap___aeabi_uidiv
                0x0000000010003c98       0x4c CMakeFiles/org2-main-recreate.dir/tree/downloaded_tools/pico/pico-sdk/src/rp2_common/pico_divider/divider.S.obj
                0x0000000010003c98                __wrap___aeabi_uidiv
                0x0000000010003c98                __wrap___aeabi_uidivmod
                0x0000000010003c98                div_u32u32
                0x0000000010003c98                divmod_u32u32
                0x0000000010003ca0                divmod_u32u32_unsafe
                0x0000000010003cc8                divmod_u32u32_savestate
 .text.__wrap___aeabi_ldiv
                0x0000000010003ce4      0x430 CMakeFiles/org2-main-recreate.dir/tree/downloaded_tools/pico/pico-sdk/src/rp2_common/pico_divider/divider.S.obj
                0x0000000010003ce4                div_s64s64
                0x0000000010003ce4                divmod_s64s64
                0x0000000010003ce4                __wrap___aeabi_ldivmod
                0x0000000010003d1c                div_u64u64
                0x0000000010003d1c                divmod_u64u64
                0x0000000010003d1c                __wrap___aeabi_uldivmod
                0x0000000010003d2c                divmod_u64u64_savestate
                0x0000000010003d54                divmod_s64s64_unsafe
                0x0000000010003ddc                divmod_u64u64_unsafe
 .text.__wrap___aeabi_darithmetic
                0x0000000010004114       0x80 CMakeFiles/org2-main-recreate.dir/tree/downloaded_tools/pico/pico-sdk/src/rp2_common/pico_double/double_aeabi.S.obj
                0x0000000010004114                __wrap___aeabi_drsub
                0x000000001000411a                __wrap___aeabi_dsub
                0x000000001000412c                __wrap___aeabi_dadd
                0x000000001000413e                __wrap___aeabi_ddiv
                0x000000001000417a                __wrap___aeabi_dmul
 .text.__wrap___aeabi_cdcmple
                0x0000000010004194       0x6c CMakeFiles/org2-main-recreate.dir/tree/downloaded_tools/pico/pico-sdk/src/rp2_common/pico_double/double_aeabi.S.obj
                0x0000000010004194                __wrap___aeabi_cdrcmple
                0x00000000100041a4                __wrap___aeabi_cdcmple
                0x00000000100041a4                __wrap___aeabi_cdcmpeq
 .text.__wrap___aeabi_dcmplt
                0x0000000010004200        0xc CMakeFiles/org2-main-recreate.dir/tree/downloaded_tools/pico/pico-sdk/src/rp2_common/pico_double/double_aeabi.S.obj
                0x0000000010004200                __wrap___aeabi_dcmplt
 .text.__wrap___aeabi_dcmple
                0x000000001000420c       0x10 CMakeFiles/org2-main-recreate.dir/tree/downloaded_tools/pico/pico-sdk/src/rp2_common/pico_double/double_aeabi.S.obj
                0x000000001000420c                __wrap___aeabi_dcmple
 .text.__wrap___aeabi_dcmpge
                0x000000001000421c       0x10 CMakeFiles/org2-main-recreate.dir/tree/downloaded_tools/pico/pico-sdk/src/rp2_common/pico_double/double_aeabi.S.obj
                0x000000001000421c                __wrap___aeabi_dcmpge
 .text.__wrap___aeabi_dcmpgt
                0x000000001000422c        0xa CMakeFiles/org2-main-recreate.dir/tree/downloaded_tools/pico/pico-sdk/src/rp2_common/pico_double/double_aeabi.S.obj
                0x000000001000422c                __wrap___aeabi_dcmpgt
 .text.__wrap___aeabi_dcmpun
                0x0000000010004236       0x1c CMakeFiles/org2-main-recreate.dir/tree/downloaded_tools/pico/pico-sdk/src/rp2_common/pico_double/double_aeabi.S.obj
                0x0000000010004236                __wrap___aeabi_dcmpun
 *fill*         0x0000000010004252        0x2 
 .text.__wrap___aeabi_i2d
                0x0000000010004254       0x38 CMakeFiles/org2-main-recreate.dir/tree/downloaded_tools/pico/pico-sdk/src/rp2_common/pico_double/double_aeabi.S.obj
                0x0000000010004254                __wrap___aeabi_ui2d
                0x000000001000425c                __wrap___aeabi_i2d
 .text.__wrap___aeabi_d2iz
                0x000000001000428c       0x48 CMakeFiles/org2-main-recreate.dir/tree/downloaded_tools/pico/pico-sdk/src/rp2_common/pico_double/double_aeabi.S.obj
                0x000000001000428c                __wrap___aeabi_d2iz
                0x000000001000428c                double2int_z
 .text.__wrap___aeabi_d2uiz
                0x00000000100042d4       0x18 CMakeFiles/org2-main-recreate.dir/tree/downloaded_tools/pico/pico-sdk/src/rp2_common/pico_double/double_aeabi.S.obj
                0x00000000100042d4                double2uint
                0x00000000100042d4                __wrap___aeabi_d2uiz
 .text.__aeabi_double_init
                0x00000000100042ec       0xb4 CMakeFiles/org2-main-recreate.dir/tree/downloaded_tools/pico/pico-sdk/src/rp2_common/pico_double/double_init_rom.c.obj
                0x00000000100042ec                __aeabi_double_init
 .text.double_table_shim_on_use_helper
                0x00000000100043a0       0x34 CMakeFiles/org2-main-recreate.dir/tree/downloaded_tools/pico/pico-sdk/src/rp2_common/pico_double/double_v1_rom_shim.S.obj
                0x00000000100043a0                double_table_shim_on_use_helper
 .text.__wrap___aeabi_dsub
                0x00000000100043d4       0x10 CMakeFiles/org2-main-recreate.dir/tree/downloaded_tools/pico/pico-sdk/src/rp2_common/pico_double/double_v1_rom_shim.S.obj
                0x00000000100043d4                drsub_shim
                0x00000000100043da                dsub_shim
 .text.dadd_shim
                0x00000000100043e4      0x15c CMakeFiles/org2-main-recreate.dir/tree/downloaded_tools/pico/pico-sdk/src/rp2_common/pico_double/double_v1_rom_shim.S.obj
                0x00000000100043e4                dadd_shim
 .text.dmul_shim
                0x0000000010004540      0x15c CMakeFiles/org2-main-recreate.dir/tree/downloaded_tools/pico/pico-sdk/src/rp2_common/pico_double/double_v1_rom_shim.S.obj
                0x0000000010004540                dmul_shim
 .text.ddiv_shim
                0x000000001000469c      0x1b0 CMakeFiles/org2-main-recreate.dir/tree/downloaded_tools/pico/pico-sdk/src/rp2_common/pico_double/double_v1_rom_shim.S.obj
                0x000000001000469c                ddiv_shim
 .text.dcordic_rot_step
                0x000000001000484c       0x7c CMakeFiles/org2-main-recreate.dir/tree/downloaded_tools/pico/pico-sdk/src/rp2_common/pico_double/double_v1_rom_shim.S.obj
                0x000000001000484c                dcordic_rot_step
 .text.double2uint_shim
                0x00000000100048c8        0xe CMakeFiles/org2-main-recreate.dir/tree/downloaded_tools/pico/pico-sdk/src/rp2_common/pico_double/double_v1_rom_shim.S.obj
                0x00000000100048c8                double2uint_shim
                0x00000000100048ca                double2ufix_shim
 *fill*         0x00000000100048d6        0x2 
 .text.double2uint64_shim
                0x00000000100048d8       0x6c CMakeFiles/org2-main-recreate.dir/tree/downloaded_tools/pico/pico-sdk/src/rp2_common/pico_double/double_v1_rom_shim.S.obj
                0x00000000100048d8                double2uint64_shim
                0x00000000100048da                double2ufix64_shim
                0x00000000100048f4                d2fix_a
 .text.dunpacks
                0x0000000010004944       0x3c CMakeFiles/org2-main-recreate.dir/tree/downloaded_tools/pico/pico-sdk/src/rp2_common/pico_double/double_v1_rom_shim.S.obj
                0x0000000010004944                dunpacks
 .text.__aeabi_lmul
                0x0000000010004980       0x32 CMakeFiles/org2-main-recreate.dir/tree/downloaded_tools/pico/pico-sdk/src/rp2_common/pico_int64_ops/pico_int64_ops_aeabi.S.obj
                0x0000000010004980                __wrap___aeabi_lmul
 *fill*         0x00000000100049b2        0x2 
 .text.__aeabi_float_init
                0x00000000100049b4       0xfc CMakeFiles/org2-main-recreate.dir/tree/downloaded_tools/pico/pico-sdk/src/rp2_common/pico_float/float_init_rom.c.obj
                0x00000000100049b4                __aeabi_float_init
 .text.float_table_shim_on_use_helper
                0x0000000010004ab0       0x34 CMakeFiles/org2-main-recreate.dir/tree/downloaded_tools/pico/pico-sdk/src/rp2_common/pico_float/float_v1_rom_shim.S.obj
                0x0000000010004ab0                float_table_shim_on_use_helper
 .text          0x0000000010004ae4       0x10 CMakeFiles/org2-main-recreate.dir/tree/downloaded_tools/pico/pico-sdk/src/rp2_common/pico_mem_ops/mem_ops_aeabi.S.obj
                0x0000000010004ae4                __aeabi_mem_init
 .text.memset   0x0000000010004af4        0xc CMakeFiles/org2-main-recreate.dir/tree/downloaded_tools/pico/pico-sdk/src/rp2_common/pico_mem_ops/mem_ops_aeabi.S.obj
                0x0000000010004af4                __wrap_memset
 .text.memcpy   0x0000000010004b00        0xc CMakeFiles/org2-main-recreate.dir/tree/downloaded_tools/pico/pico-sdk/src/rp2_common/pico_mem_ops/mem_ops_aeabi.S.obj
                0x0000000010004b00                __wrap___aeabi_memcpy
                0x0000000010004b00                __wrap_memcpy
 .text.stdio_out_chars_crlf
                0x0000000010004b0c       0x80 CMakeFiles/org2-main-recreate.dir/tree/downloaded_tools/pico/pico-sdk/src/rp2_common/pico_stdio/stdio.c.obj
 .text.stdio_stack_buffer_flush
                0x0000000010004b8c       0x44 CMakeFiles/org2-main-recreate.dir/tree/downloaded_tools/pico/pico-sdk/src/rp2_common/pico_stdio/stdio.c.obj
 .text.stdio_buffered_printer
                0x0000000010004bd0       0x20 CMakeFiles/org2-main-recreate.dir/tree/downloaded_tools/pico/pico-sdk/src/rp2_common/pico_stdio/stdio.c.obj
 .text.stdio_get_until
                0x0000000010004bf0       0x80 CMakeFiles/org2-main-recreate.dir/tree/downloaded_tools/pico/pico-sdk/src/rp2_common/pico_stdio/stdio.c.obj
 .text.stdout_serialize_begin
                0x0000000010004c70       0x30 CMakeFiles/org2-main-recreate.dir/tree/downloaded_tools/pico/pico-sdk/src/rp2_common/pico_stdio/stdio.c.obj
                0x0000000010004c70                stdout_serialize_begin
 .text.stdout_serialize_end
                0x0000000010004ca0       0x10 CMakeFiles/org2-main-recreate.dir/tree/downloaded_tools/pico/pico-sdk/src/rp2_common/pico_stdio/stdio.c.obj
                0x0000000010004ca0                stdout_serialize_end
 .text.stdio_put_string
                0x0000000010004cb0       0x84 CMakeFiles/org2-main-recreate.dir/tree/downloaded_tools/pico/pico-sdk/src/rp2_common/pico_stdio/stdio.c.obj
 .text.__wrap_putchar
                0x0000000010004d34       0x1a CMakeFiles/org2-main-recreate.dir/tree/downloaded_tools/pico/pico-sdk/src/rp2_common/pico_stdio/stdio.c.obj
                0x0000000010004d34                __wrap_putchar
 *fill*         0x0000000010004d4e        0x2 
 .text.stdio_set_driver_enabled
                0x0000000010004d50       0x38 CMakeFiles/org2-main-recreate.dir/tree/downloaded_tools/pico/pico-sdk/src/rp2_common/pico_stdio/stdio.c.obj
                0x0000000010004d50                stdio_set_driver_enabled
 .text.stdio_flush
                0x0000000010004d88       0x20 CMakeFiles/org2-main-recreate.dir/tree/downloaded_tools/pico/pico-sdk/src/rp2_common/pico_stdio/stdio.c.obj
                0x0000000010004d88                stdio_flush
 .text.__wrap_puts
                0x0000000010004da8       0x1c CMakeFiles/org2-main-recreate.dir/tree/downloaded_tools/pico/pico-sdk/src/rp2_common/pico_stdio/stdio.c.obj
                0x0000000010004da8                __wrap_puts
 .text.__wrap_vprintf
                0x0000000010004dc4       0x44 CMakeFiles/org2-main-recreate.dir/tree/downloaded_tools/pico/pico-sdk/src/rp2_common/pico_stdio/stdio.c.obj
                0x0000000010004dc4                __wrap_vprintf
 .text.__wrap_printf
                0x0000000010004e08       0x18 CMakeFiles/org2-main-recreate.dir/tree/downloaded_tools/pico/pico-sdk/src/rp2_common/pico_stdio/stdio.c.obj
                0x0000000010004e08                __wrap_printf
 .text.stdio_init_all
                0x0000000010004e20        0xc CMakeFiles/org2-main-recreate.dir/tree/downloaded_tools/pico/pico-sdk/src/rp2_common/pico_stdio/stdio.c.obj
                0x0000000010004e20                stdio_init_all
 .text.getchar_timeout_us
                0x0000000010004e2c       0x80 CMakeFiles/org2-main-recreate.dir/tree/downloaded_tools/pico/pico-sdk/src/rp2_common/pico_stdio/stdio.c.obj
                0x0000000010004e2c                getchar_timeout_us
 .text.stdio_uart_out_chars
                0x0000000010004eac       0x74 CMakeFiles/org2-main-recreate.dir/tree/downloaded_tools/pico/pico-sdk/src/rp2_common/pico_stdio_uart/stdio_uart.c.obj
 .text.stdio_uart_in_chars
                0x0000000010004f20       0x54 CMakeFiles/org2-main-recreate.dir/tree/downloaded_tools/pico/pico-sdk/src/rp2_common/pico_stdio_uart/stdio_uart.c.obj
                0x0000000010004f20                stdio_uart_in_chars
 .text.stdio_uart_init_full
                0x0000000010004f74       0x3c CMakeFiles/org2-main-recreate.dir/tree/downloaded_tools/pico/pico-sdk/src/rp2_common/pico_stdio_uart/stdio_uart.c.obj
                0x0000000010004f74                stdio_uart_init_full
 .text.stdio_uart_init
                0x0000000010004fb0       0x28 CMakeFiles/org2-main-recreate.dir/tree/downloaded_tools/pico/pico-sdk/src/rp2_common/pico_stdio_uart/stdio_uart.c.obj
                0x0000000010004fb0                stdio_uart_init
 .text.resetd_init
                0x0000000010004fd8        0x2 CMakeFiles/org2-main-recreate.dir/tree/downloaded_tools/pico/pico-sdk/src/rp2_common/pico_stdio_usb/reset_interface.c.obj
 *fill*         0x0000000010004fda        0x2 
 .text.resetd_reset
                0x0000000010004fdc        0xc CMakeFiles/org2-main-recreate.dir/tree/downloaded_tools/pico/pico-sdk/src/rp2_common/pico_stdio_usb/reset_interface.c.obj
 .text.resetd_open
                0x0000000010004fe8       0x34 CMakeFiles/org2-main-recreate.dir/tree/downloaded_tools/pico/pico-sdk/src/rp2_common/pico_stdio_usb/reset_interface.c.obj
 .text.resetd_xfer_cb
                0x000000001000501c        0x4 CMakeFiles/org2-main-recreate.dir/tree/downloaded_tools/pico/pico-sdk/src/rp2_common/pico_stdio_usb/reset_interface.c.obj
 .text.resetd_control_xfer_cb
                0x0000000010005020       0x6c CMakeFiles/org2-main-recreate.dir/tree/downloaded_tools/pico/pico-sdk/src/rp2_common/pico_stdio_usb/reset_interface.c.obj
 .text.usbd_app_driver_get_cb
                0x000000001000508c        0xc CMakeFiles/org2-main-recreate.dir/tree/downloaded_tools/pico/pico-sdk/src/rp2_common/pico_stdio_usb/reset_interface.c.obj
                0x000000001000508c                usbd_app_driver_get_cb
 .text.tud_cdc_line_coding_cb
                0x0000000010005098       0x34 CMakeFiles/org2-main-recreate.dir/tree/downloaded_tools/pico/pico-sdk/src/rp2_common/pico_stdio_usb/reset_interface.c.obj
                0x0000000010005098                tud_cdc_line_coding_cb
 .text.stdio_usb_in_chars
                0x00000000100050cc       0x70 CMakeFiles/org2-main-recreate.dir/tree/downloaded_tools/pico/pico-sdk/src/rp2_common/pico_stdio_usb/stdio_usb.c.obj
                0x00000000100050cc                stdio_usb_in_chars
 .text.low_priority_worker_irq
                0x000000001000513c       0x20 CMakeFiles/org2-main-recreate.dir/tree/downloaded_tools/pico/pico-sdk/src/rp2_common/pico_stdio_usb/stdio_usb.c.obj
 .text.stdio_usb_out_chars
                0x000000001000515c       0xd4 CMakeFiles/org2-main-recreate.dir/tree/downloaded_tools/pico/pico-sdk/src/rp2_common/pico_stdio_usb/stdio_usb.c.obj
 .text.timer_task
                0x0000000010005230       0x10 CMakeFiles/org2-main-recreate.dir/tree/downloaded_tools/pico/pico-sdk/src/rp2_common/pico_stdio_usb/stdio_usb.c.obj
 .text.stdio_usb_init
                0x0000000010005240       0xb8 CMakeFiles/org2-main-recreate.dir/tree/downloaded_tools/pico/pico-sdk/src/rp2_common/pico_stdio_usb/stdio_usb.c.obj
                0x0000000010005240                stdio_usb_init
 .text.tud_descriptor_device_cb
                0x00000000100052f8        0x8 CMakeFiles/org2-main-recreate.dir/tree/downloaded_tools/pico/pico-sdk/src/rp2_common/pico_stdio_usb/stdio_usb_descriptors.c.obj
                0x00000000100052f8                tud_descriptor_device_cb
 .text.tud_descriptor_configuration_cb
                0x0000000010005300        0x8 CMakeFiles/org2-main-recreate.dir/tree/downloaded_tools/pico/pico-sdk/src/rp2_common/pico_stdio_usb/stdio_usb_descriptors.c.obj
                0x0000000010005300                tud_descriptor_configuration_cb
 .text.tud_descriptor_string_cb
                0x0000000010005308       0x68 CMakeFiles/org2-main-recreate.dir/tree/downloaded_tools/pico/pico-sdk/src/rp2_common/pico_stdio_usb/stdio_usb_descriptors.c.obj
                0x0000000010005308                tud_descriptor_string_cb
 .text.hw_endpoint_get_by_addr
                0x0000000010005370       0x18 CMakeFiles/org2-main-recreate.dir/tree/downloaded_tools/pico/pico-sdk/lib/tinyusb/src/portable/raspberrypi/rp2040/dcd_rp2040.c.obj
 .text.reset_ep0
                0x0000000010005388       0x2c CMakeFiles/org2-main-recreate.dir/tree/downloaded_tools/pico/pico-sdk/lib/tinyusb/src/portable/raspberrypi/rp2040/dcd_rp2040.c.obj
 .text._hw_endpoint_alloc
                0x00000000100053b4       0x80 CMakeFiles/org2-main-recreate.dir/tree/downloaded_tools/pico/pico-sdk/lib/tinyusb/src/portable/raspberrypi/rp2040/dcd_rp2040.c.obj
 .text._hw_endpoint_init
                0x0000000010005434       0xbc CMakeFiles/org2-main-recreate.dir/tree/downloaded_tools/pico/pico-sdk/lib/tinyusb/src/portable/raspberrypi/rp2040/dcd_rp2040.c.obj
 .text.hw_endpoint_init
                0x00000000100054f0       0x18 CMakeFiles/org2-main-recreate.dir/tree/downloaded_tools/pico/pico-sdk/lib/tinyusb/src/portable/raspberrypi/rp2040/dcd_rp2040.c.obj
 .text.hw_handle_buff_status
                0x0000000010005508       0xb4 CMakeFiles/org2-main-recreate.dir/tree/downloaded_tools/pico/pico-sdk/lib/tinyusb/src/portable/raspberrypi/rp2040/dcd_rp2040.c.obj
 .text.dcd_rp2040_irq
                0x00000000100055bc       0xa8 CMakeFiles/org2-main-recreate.dir/tree/downloaded_tools/pico/pico-sdk/lib/tinyusb/src/portable/raspberrypi/rp2040/dcd_rp2040.c.obj
 .text.hw_endpoint_xfer
                0x0000000010005664       0x18 CMakeFiles/org2-main-recreate.dir/tree/downloaded_tools/pico/pico-sdk/lib/tinyusb/src/portable/raspberrypi/rp2040/dcd_rp2040.c.obj
 .text.ep0_0len_status
                0x000000001000567c       0x14 CMakeFiles/org2-main-recreate.dir/tree/downloaded_tools/pico/pico-sdk/lib/tinyusb/src/portable/raspberrypi/rp2040/dcd_rp2040.c.obj
 .text._hw_endpoint_stall
                0x0000000010005690       0x54 CMakeFiles/org2-main-recreate.dir/tree/downloaded_tools/pico/pico-sdk/lib/tinyusb/src/portable/raspberrypi/rp2040/dcd_rp2040.c.obj
 .text.hw_endpoint_stall
                0x00000000100056e4        0xc CMakeFiles/org2-main-recreate.dir/tree/downloaded_tools/pico/pico-sdk/lib/tinyusb/src/portable/raspberrypi/rp2040/dcd_rp2040.c.obj
 .text._hw_endpoint_clear_stall
                0x00000000100056f0       0x34 CMakeFiles/org2-main-recreate.dir/tree/downloaded_tools/pico/pico-sdk/lib/tinyusb/src/portable/raspberrypi/rp2040/dcd_rp2040.c.obj
 .text.hw_endpoint_clear_stall
                0x0000000010005724        0xc CMakeFiles/org2-main-recreate.dir/tree/downloaded_tools/pico/pico-sdk/lib/tinyusb/src/portable/raspberrypi/rp2040/dcd_rp2040.c.obj
 .text.dcd_int_enable
                0x0000000010005730       0x2c CMakeFiles/org2-main-recreate.dir/tree/downloaded_tools/pico/pico-sdk/lib/tinyusb/src/portable/raspberrypi/rp2040/dcd_rp2040.c.obj
                0x0000000010005730                dcd_int_enable
 .text.dcd_set_address
                0x000000001000575c       0x28 CMakeFiles/org2-main-recreate.dir/tree/downloaded_tools/pico/pico-sdk/lib/tinyusb/src/portable/raspberrypi/rp2040/dcd_rp2040.c.obj
                0x000000001000575c                dcd_set_address
 .text.dcd_connect
                0x0000000010005784       0x30 CMakeFiles/org2-main-recreate.dir/tree/downloaded_tools/pico/pico-sdk/lib/tinyusb/src/portable/raspberrypi/rp2040/dcd_rp2040.c.obj
                0x0000000010005784                dcd_connect
 .text.dcd_init
                0x00000000100057b4       0x84 CMakeFiles/org2-main-recreate.dir/tree/downloaded_tools/pico/pico-sdk/lib/tinyusb/src/portable/raspberrypi/rp2040/dcd_rp2040.c.obj
                0x00000000100057b4                dcd_init
 .text.dcd_edpt0_status_complete
                0x0000000010005838       0x40 CMakeFiles/org2-main-recreate.dir/tree/downloaded_tools/pico/pico-sdk/lib/tinyusb/src/portable/raspberrypi/rp2040/dcd_rp2040.c.obj
                0x0000000010005838                dcd_edpt0_status_complete
 .text.dcd_edpt_open
                0x0000000010005878       0x40 CMakeFiles/org2-main-recreate.dir/tree/downloaded_tools/pico/pico-sdk/lib/tinyusb/src/portable/raspberrypi/rp2040/dcd_rp2040.c.obj
                0x0000000010005878                dcd_edpt_open
 .text.dcd_edpt_xfer
                0x00000000100058b8       0x34 CMakeFiles/org2-main-recreate.dir/tree/downloaded_tools/pico/pico-sdk/lib/tinyusb/src/portable/raspberrypi/rp2040/dcd_rp2040.c.obj
                0x00000000100058b8                dcd_edpt_xfer
 .text.dcd_edpt_stall
                0x00000000100058ec       0x28 CMakeFiles/org2-main-recreate.dir/tree/downloaded_tools/pico/pico-sdk/lib/tinyusb/src/portable/raspberrypi/rp2040/dcd_rp2040.c.obj
                0x00000000100058ec                dcd_edpt_stall
 .text.dcd_edpt_clear_stall
                0x0000000010005914       0x2c CMakeFiles/org2-main-recreate.dir/tree/downloaded_tools/pico/pico-sdk/lib/tinyusb/src/portable/raspberrypi/rp2040/dcd_rp2040.c.obj
                0x0000000010005914                dcd_edpt_clear_stall
 .text.rp2040_usb_init
                0x0000000010005940       0x50 CMakeFiles/org2-main-recreate.dir/tree/downloaded_tools/pico/pico-sdk/lib/tinyusb/src/portable/raspberrypi/rp2040/rp2040_usb.c.obj
                0x0000000010005940                rp2040_usb_init
 .text.hw_endpoint_reset_transfer
                0x0000000010005990       0x10 CMakeFiles/org2-main-recreate.dir/tree/downloaded_tools/pico/pico-sdk/lib/tinyusb/src/portable/raspberrypi/rp2040/rp2040_usb.c.obj
                0x0000000010005990                hw_endpoint_reset_transfer
 .text._hw_endpoint_buffer_control_update32
                0x00000000100059a0       0x58 CMakeFiles/org2-main-recreate.dir/tree/downloaded_tools/pico/pico-sdk/lib/tinyusb/src/portable/raspberrypi/rp2040/rp2040_usb.c.obj
                0x00000000100059a0                _hw_endpoint_buffer_control_update32
 .text._hw_endpoint_start_next_buffer
                0x00000000100059f8       0x50 CMakeFiles/org2-main-recreate.dir/tree/downloaded_tools/pico/pico-sdk/lib/tinyusb/src/portable/raspberrypi/rp2040/rp2040_usb.c.obj
                0x00000000100059f8                _hw_endpoint_start_next_buffer
 .text._hw_endpoint_xfer_start
                0x0000000010005a48       0x3e CMakeFiles/org2-main-recreate.dir/tree/downloaded_tools/pico/pico-sdk/lib/tinyusb/src/portable/raspberrypi/rp2040/rp2040_usb.c.obj
                0x0000000010005a48                _hw_endpoint_xfer_start
 *fill*         0x0000000010005a86        0x2 
 .text._hw_endpoint_xfer_sync
                0x0000000010005a88       0x74 CMakeFiles/org2-main-recreate.dir/tree/downloaded_tools/pico/pico-sdk/lib/tinyusb/src/portable/raspberrypi/rp2040/rp2040_usb.c.obj
                0x0000000010005a88                _hw_endpoint_xfer_sync
 .text._hw_endpoint_xfer_continue
                0x0000000010005afc       0x60 CMakeFiles/org2-main-recreate.dir/tree/downloaded_tools/pico/pico-sdk/lib/tinyusb/src/portable/raspberrypi/rp2040/rp2040_usb.c.obj
                0x0000000010005afc                _hw_endpoint_xfer_continue
 .text._hw_endpoint_xfer
                0x0000000010005b5c       0x34 CMakeFiles/org2-main-recreate.dir/tree/downloaded_tools/pico/pico-sdk/lib/tinyusb/src/portable/raspberrypi/rp2040/rp2040_usb.c.obj
                0x0000000010005b5c                _hw_endpoint_xfer
 .text.mark_interface_endpoint
                0x0000000010005b90       0x2a CMakeFiles/org2-main-recreate.dir/tree/downloaded_tools/pico/pico-sdk/lib/tinyusb/src/device/usbd.c.obj
 *fill*         0x0000000010005bba        0x2 
 .text.usbd_reset
                0x0000000010005bbc       0x88 CMakeFiles/org2-main-recreate.dir/tree/downloaded_tools/pico/pico-sdk/lib/tinyusb/src/device/usbd.c.obj
 .text.invoke_class_control
                0x0000000010005c44       0x1a CMakeFiles/org2-main-recreate.dir/tree/downloaded_tools/pico/pico-sdk/lib/tinyusb/src/device/usbd.c.obj
 *fill*         0x0000000010005c5e        0x2 
 .text.process_set_config
                0x0000000010005c60      0x1d0 CMakeFiles/org2-main-recreate.dir/tree/downloaded_tools/pico/pico-sdk/lib/tinyusb/src/device/usbd.c.obj
 .text.process_get_descriptor
                0x0000000010005e30       0xf8 CMakeFiles/org2-main-recreate.dir/tree/downloaded_tools/pico/pico-sdk/lib/tinyusb/src/device/usbd.c.obj
 .text.tud_mounted
                0x0000000010005f28       0x10 CMakeFiles/org2-main-recreate.dir/tree/downloaded_tools/pico/pico-sdk/lib/tinyusb/src/device/usbd.c.obj
                0x0000000010005f28                tud_mounted
 .text.tud_suspended
                0x0000000010005f38       0x10 CMakeFiles/org2-main-recreate.dir/tree/downloaded_tools/pico/pico-sdk/lib/tinyusb/src/device/usbd.c.obj
                0x0000000010005f38                tud_suspended
 .text.tud_inited
                0x0000000010005f48        0xc CMakeFiles/org2-main-recreate.dir/tree/downloaded_tools/pico/pico-sdk/lib/tinyusb/src/device/usbd.c.obj
                0x0000000010005f48                tud_inited
 .text.tud_init
                0x0000000010005f54       0xcc CMakeFiles/org2-main-recreate.dir/tree/downloaded_tools/pico/pico-sdk/lib/tinyusb/src/device/usbd.c.obj
                0x0000000010005f54                tud_init
 .text.dcd_event_handler
                0x0000000010006020      0x174 CMakeFiles/org2-main-recreate.dir/tree/downloaded_tools/pico/pico-sdk/lib/tinyusb/src/device/usbd.c.obj
                0x0000000010006020                dcd_event_handler
 .text.dcd_event_bus_signal
                0x0000000010006194       0x26 CMakeFiles/org2-main-recreate.dir/tree/downloaded_tools/pico/pico-sdk/lib/tinyusb/src/device/usbd.c.obj
                0x0000000010006194                dcd_event_bus_signal
 .text.dcd_event_bus_reset
                0x00000000100061ba       0x2a CMakeFiles/org2-main-recreate.dir/tree/downloaded_tools/pico/pico-sdk/lib/tinyusb/src/device/usbd.c.obj
                0x00000000100061ba                dcd_event_bus_reset
 .text.dcd_event_setup_received
                0x00000000100061e4       0x34 CMakeFiles/org2-main-recreate.dir/tree/downloaded_tools/pico/pico-sdk/lib/tinyusb/src/device/usbd.c.obj
                0x00000000100061e4                dcd_event_setup_received
 .text.dcd_event_xfer_complete
                0x0000000010006218       0x44 CMakeFiles/org2-main-recreate.dir/tree/downloaded_tools/pico/pico-sdk/lib/tinyusb/src/device/usbd.c.obj
                0x0000000010006218                dcd_event_xfer_complete
 .text.usbd_edpt_open
                0x000000001000625c       0xe0 CMakeFiles/org2-main-recreate.dir/tree/downloaded_tools/pico/pico-sdk/lib/tinyusb/src/device/usbd.c.obj
                0x000000001000625c                usbd_edpt_open
 .text.usbd_open_edpt_pair
                0x000000001000633c       0x8c CMakeFiles/org2-main-recreate.dir/tree/downloaded_tools/pico/pico-sdk/lib/tinyusb/src/device/usbd.c.obj
                0x000000001000633c                usbd_open_edpt_pair
 .text.usbd_edpt_claim
                0x00000000100063c8       0x8c CMakeFiles/org2-main-recreate.dir/tree/downloaded_tools/pico/pico-sdk/lib/tinyusb/src/device/usbd.c.obj
                0x00000000100063c8                usbd_edpt_claim
 .text.usbd_edpt_release
                0x0000000010006454       0x68 CMakeFiles/org2-main-recreate.dir/tree/downloaded_tools/pico/pico-sdk/lib/tinyusb/src/device/usbd.c.obj
                0x0000000010006454                usbd_edpt_release
 .text.usbd_edpt_xfer
                0x00000000100064bc       0x80 CMakeFiles/org2-main-recreate.dir/tree/downloaded_tools/pico/pico-sdk/lib/tinyusb/src/device/usbd.c.obj
                0x00000000100064bc                usbd_edpt_xfer
 .text.usbd_edpt_stall
                0x000000001000653c       0x2c CMakeFiles/org2-main-recreate.dir/tree/downloaded_tools/pico/pico-sdk/lib/tinyusb/src/device/usbd.c.obj
                0x000000001000653c                usbd_edpt_stall
 .text.usbd_edpt_clear_stall
                0x0000000010006568       0x2c CMakeFiles/org2-main-recreate.dir/tree/downloaded_tools/pico/pico-sdk/lib/tinyusb/src/device/usbd.c.obj
                0x0000000010006568                usbd_edpt_clear_stall
 .text.usbd_edpt_stalled
                0x0000000010006594       0x1c CMakeFiles/org2-main-recreate.dir/tree/downloaded_tools/pico/pico-sdk/lib/tinyusb/src/device/usbd.c.obj
                0x0000000010006594                usbd_edpt_stalled
 .text.process_control_request
                0x00000000100065b0      0x380 CMakeFiles/org2-main-recreate.dir/tree/downloaded_tools/pico/pico-sdk/lib/tinyusb/src/device/usbd.c.obj
 .text.tud_task
                0x0000000010006930      0x204 CMakeFiles/org2-main-recreate.dir/tree/downloaded_tools/pico/pico-sdk/lib/tinyusb/src/device/usbd.c.obj
                0x0000000010006930                tud_task
 .text._data_stage_xact
                0x0000000010006b34       0x58 CMakeFiles/org2-main-recreate.dir/tree/downloaded_tools/pico/pico-sdk/lib/tinyusb/src/device/usbd_control.c.obj
 .text.tud_control_status
                0x0000000010006b8c       0x38 CMakeFiles/org2-main-recreate.dir/tree/downloaded_tools/pico/pico-sdk/lib/tinyusb/src/device/usbd_control.c.obj
                0x0000000010006b8c                tud_control_status
 .text.tud_control_xfer
                0x0000000010006bc4       0xa8 CMakeFiles/org2-main-recreate.dir/tree/downloaded_tools/pico/pico-sdk/lib/tinyusb/src/device/usbd_control.c.obj
                0x0000000010006bc4                tud_control_xfer
 .text.usbd_control_reset
                0x0000000010006c6c       0x14 CMakeFiles/org2-main-recreate.dir/tree/downloaded_tools/pico/pico-sdk/lib/tinyusb/src/device/usbd_control.c.obj
                0x0000000010006c6c                usbd_control_reset
 .text.usbd_control_set_complete_callback
                0x0000000010006c80        0xc CMakeFiles/org2-main-recreate.dir/tree/downloaded_tools/pico/pico-sdk/lib/tinyusb/src/device/usbd_control.c.obj
                0x0000000010006c80                usbd_control_set_complete_callback
 .text.usbd_control_set_request
                0x0000000010006c8c       0x1c CMakeFiles/org2-main-recreate.dir/tree/downloaded_tools/pico/pico-sdk/lib/tinyusb/src/device/usbd_control.c.obj
                0x0000000010006c8c                usbd_control_set_request
 .text.usbd_control_xfer_cb
                0x0000000010006ca8       0xfc CMakeFiles/org2-main-recreate.dir/tree/downloaded_tools/pico/pico-sdk/lib/tinyusb/src/device/usbd_control.c.obj
                0x0000000010006ca8                usbd_control_xfer_cb
 .text._prep_out_transaction
                0x0000000010006da4       0x46 CMakeFiles/org2-main-recreate.dir/tree/downloaded_tools/pico/pico-sdk/lib/tinyusb/src/class/cdc/cdc_device.c.obj
 *fill*         0x0000000010006dea        0x2 
 .text.tud_cdc_n_connected
                0x0000000010006dec       0x44 CMakeFiles/org2-main-recreate.dir/tree/downloaded_tools/pico/pico-sdk/lib/tinyusb/src/class/cdc/cdc_device.c.obj
                0x0000000010006dec                tud_cdc_n_connected
 .text.tud_cdc_n_available
                0x0000000010006e30       0x18 CMakeFiles/org2-main-recreate.dir/tree/downloaded_tools/pico/pico-sdk/lib/tinyusb/src/class/cdc/cdc_device.c.obj
                0x0000000010006e30                tud_cdc_n_available
 .text.tud_cdc_n_read
                0x0000000010006e48       0x28 CMakeFiles/org2-main-recreate.dir/tree/downloaded_tools/pico/pico-sdk/lib/tinyusb/src/class/cdc/cdc_device.c.obj
                0x0000000010006e48                tud_cdc_n_read
 .text.tud_cdc_n_write_flush
                0x0000000010006e70       0xcc CMakeFiles/org2-main-recreate.dir/tree/downloaded_tools/pico/pico-sdk/lib/tinyusb/src/class/cdc/cdc_device.c.obj
                0x0000000010006e70                tud_cdc_n_write_flush
 .text.tud_cdc_n_write
                0x0000000010006f3c       0x38 CMakeFiles/org2-main-recreate.dir/tree/downloaded_tools/pico/pico-sdk/lib/tinyusb/src/class/cdc/cdc_device.c.obj
                0x0000000010006f3c                tud_cdc_n_write
 .text.tud_cdc_n_write_available
                0x0000000010006f74       0x1c CMakeFiles/org2-main-recreate.dir/tree/downloaded_tools/pico/pico-sdk/lib/tinyusb/src/class/cdc/cdc_device.c.obj
                0x0000000010006f74                tud_cdc_n_write_available
 .text.cdcd_init
                0x0000000010006f90       0xbc CMakeFiles/org2-main-recreate.dir/tree/downloaded_tools/pico/pico-sdk/lib/tinyusb/src/class/cdc/cdc_device.c.obj
                0x0000000010006f90                cdcd_init
 .text.cdcd_reset
                0x000000001000704c       0x44 CMakeFiles/org2-main-recreate.dir/tree/downloaded_tools/pico/pico-sdk/lib/tinyusb/src/class/cdc/cdc_device.c.obj
                0x000000001000704c                cdcd_reset
 .text.cdcd_open
                0x0000000010007090      0x10c CMakeFiles/org2-main-recreate.dir/tree/downloaded_tools/pico/pico-sdk/lib/tinyusb/src/class/cdc/cdc_device.c.obj
                0x0000000010007090                cdcd_open
 .text.cdcd_control_xfer_cb
                0x000000001000719c      0x134 CMakeFiles/org2-main-recreate.dir/tree/downloaded_tools/pico/pico-sdk/lib/tinyusb/src/class/cdc/cdc_device.c.obj
                0x000000001000719c                cdcd_control_xfer_cb
 .text.cdcd_xfer_cb
                0x00000000100072d0      0x144 CMakeFiles/org2-main-recreate.dir/tree/downloaded_tools/pico/pico-sdk/lib/tinyusb/src/class/cdc/cdc_device.c.obj
                0x00000000100072d0                cdcd_xfer_cb
 .text.tusb_init
                0x0000000010007414       0x24 CMakeFiles/org2-main-recreate.dir/tree/downloaded_tools/pico/pico-sdk/lib/tinyusb/src/tusb.c.obj
                0x0000000010007414                tusb_init
 .text.tusb_inited
                0x0000000010007438        0xe CMakeFiles/org2-main-recreate.dir/tree/downloaded_tools/pico/pico-sdk/lib/tinyusb/src/tusb.c.obj
                0x0000000010007438                tusb_inited
 .text.advance_pointer
                0x0000000010007446       0x1e CMakeFiles/org2-main-recreate.dir/tree/downloaded_tools/pico/pico-sdk/lib/tinyusb/src/common/tusb_fifo.c.obj
 .text.backward_pointer
                0x0000000010007464       0x1a CMakeFiles/org2-main-recreate.dir/tree/downloaded_tools/pico/pico-sdk/lib/tinyusb/src/common/tusb_fifo.c.obj
 .text.get_relative_pointer
                0x000000001000747e       0x10 CMakeFiles/org2-main-recreate.dir/tree/downloaded_tools/pico/pico-sdk/lib/tinyusb/src/common/tusb_fifo.c.obj
 .text._tu_fifo_peek
                0x000000001000748e       0x50 CMakeFiles/org2-main-recreate.dir/tree/downloaded_tools/pico/pico-sdk/lib/tinyusb/src/common/tusb_fifo.c.obj
 .text._ff_pull_const_addr
                0x00000000100074de       0x4c CMakeFiles/org2-main-recreate.dir/tree/downloaded_tools/pico/pico-sdk/lib/tinyusb/src/common/tusb_fifo.c.obj
 .text._ff_pull_n
                0x000000001000752a      0x10c CMakeFiles/org2-main-recreate.dir/tree/downloaded_tools/pico/pico-sdk/lib/tinyusb/src/common/tusb_fifo.c.obj
 .text._tu_fifo_peek_n
                0x0000000010007636       0x5e CMakeFiles/org2-main-recreate.dir/tree/downloaded_tools/pico/pico-sdk/lib/tinyusb/src/common/tusb_fifo.c.obj
 .text._tu_fifo_read_n
                0x0000000010007694       0x4e CMakeFiles/org2-main-recreate.dir/tree/downloaded_tools/pico/pico-sdk/lib/tinyusb/src/common/tusb_fifo.c.obj
 .text._ff_push_const_addr
                0x00000000100076e2       0x40 CMakeFiles/org2-main-recreate.dir/tree/downloaded_tools/pico/pico-sdk/lib/tinyusb/src/common/tusb_fifo.c.obj
 .text._ff_push_n
                0x0000000010007722      0x106 CMakeFiles/org2-main-recreate.dir/tree/downloaded_tools/pico/pico-sdk/lib/tinyusb/src/common/tusb_fifo.c.obj
 .text._tu_fifo_write_n
                0x0000000010007828       0x9e CMakeFiles/org2-main-recreate.dir/tree/downloaded_tools/pico/pico-sdk/lib/tinyusb/src/common/tusb_fifo.c.obj
 .text.tu_fifo_config
                0x00000000100078c6       0x72 CMakeFiles/org2-main-recreate.dir/tree/downloaded_tools/pico/pico-sdk/lib/tinyusb/src/common/tusb_fifo.c.obj
                0x00000000100078c6                tu_fifo_config
 .text.tu_fifo_count
                0x0000000010007938       0x26 CMakeFiles/org2-main-recreate.dir/tree/downloaded_tools/pico/pico-sdk/lib/tinyusb/src/common/tusb_fifo.c.obj
                0x0000000010007938                tu_fifo_count
 .text.tu_fifo_empty
                0x000000001000795e        0xe CMakeFiles/org2-main-recreate.dir/tree/downloaded_tools/pico/pico-sdk/lib/tinyusb/src/common/tusb_fifo.c.obj
                0x000000001000795e                tu_fifo_empty
 .text.tu_fifo_remaining
                0x000000001000796c       0x20 CMakeFiles/org2-main-recreate.dir/tree/downloaded_tools/pico/pico-sdk/lib/tinyusb/src/common/tusb_fifo.c.obj
                0x000000001000796c                tu_fifo_remaining
 .text.tu_fifo_read
                0x000000001000798c       0x42 CMakeFiles/org2-main-recreate.dir/tree/downloaded_tools/pico/pico-sdk/lib/tinyusb/src/common/tusb_fifo.c.obj
                0x000000001000798c                tu_fifo_read
 .text.tu_fifo_read_n
                0x00000000100079ce        0xa CMakeFiles/org2-main-recreate.dir/tree/downloaded_tools/pico/pico-sdk/lib/tinyusb/src/common/tusb_fifo.c.obj
                0x00000000100079ce                tu_fifo_read_n
 .text.tu_fifo_write
                0x00000000100079d8       0x6c CMakeFiles/org2-main-recreate.dir/tree/downloaded_tools/pico/pico-sdk/lib/tinyusb/src/common/tusb_fifo.c.obj
                0x00000000100079d8                tu_fifo_write
 .text.tu_fifo_write_n
                0x0000000010007a44        0xa CMakeFiles/org2-main-recreate.dir/tree/downloaded_tools/pico/pico-sdk/lib/tinyusb/src/common/tusb_fifo.c.obj
                0x0000000010007a44                tu_fifo_write_n
 .text.tu_fifo_clear
                0x0000000010007a4e       0x4c CMakeFiles/org2-main-recreate.dir/tree/downloaded_tools/pico/pico-sdk/lib/tinyusb/src/common/tusb_fifo.c.obj
                0x0000000010007a4e                tu_fifo_clear
 .text.tu_fifo_set_overwritable
                0x0000000010007a9a       0x3c CMakeFiles/org2-main-recreate.dir/tree/downloaded_tools/pico/pico-sdk/lib/tinyusb/src/common/tusb_fifo.c.obj
                0x0000000010007a9a                tu_fifo_set_overwritable
 *fill*         0x0000000010007ad6        0x2 
 .text._retrieve_unique_id_on_boot
                0x0000000010007ad8       0x10 CMakeFiles/org2-main-recreate.dir/tree/downloaded_tools/pico/pico-sdk/src/rp2_common/pico_unique_id/unique_id.c.obj
 .text.pico_get_unique_board_id_string
                0x0000000010007ae8       0x60 CMakeFiles/org2-main-recreate.dir/tree/downloaded_tools/pico/pico-sdk/src/rp2_common/pico_unique_id/unique_id.c.obj
                0x0000000010007ae8                pico_get_unique_board_id_string
 .text.flash_get_unique_id
                0x0000000010007b48       0x46 CMakeFiles/org2-main-recreate.dir/tree/downloaded_tools/pico/pico-sdk/src/rp2_common/hardware_flash/flash.c.obj
                0x0000000010007b48                flash_get_unique_id
 *fill*         0x0000000010007b8e        0x2 
 .text          0x0000000010007b90       0x50 /usr/lib/gcc/arm-none-eabi/9.2.1/../../../arm-none-eabi/lib/thumb/v6-m/nofp/libg.a(lib_a-strcat.o)
                0x0000000010007b90                strcat
 .text          0x0000000010007be0       0x10 /usr/lib/gcc/arm-none-eabi/9.2.1/../../../arm-none-eabi/lib/thumb/v6-m/nofp/libg.a(lib_a-strcpy.o)
                0x0000000010007be0                strcpy
 .text          0x0000000010007bf0       0x68 /usr/lib/gcc/arm-none-eabi/9.2.1/../../../arm-none-eabi/lib/thumb/v6-m/nofp/libg.a(lib_a-strlen-stub.o)
                0x0000000010007bf0                strlen
 .text          0x0000000010007c58       0x94 /usr/lib/gcc/arm-none-eabi/9.2.1/../../../arm-none-eabi/lib/thumb/v6-m/nofp/libg.a(lib_a-strncmp.o)
                0x0000000010007c58                strncmp
 *(.fini)
 .fini          0x0000000010007cec        0x4 /usr/lib/gcc/arm-none-eabi/9.2.1/thumb/v6-m/nofp/crti.o
                0x0000000010007cec                _fini
 .fini.__stub   0x0000000010007cf0       0x70 linker stubs
 *crtbegin.o(.ctors)
 *crtbegin?.o(.ctors)
 *(EXCLUDE_FILE(*crtend.o *crtend?.o) .ctors)
 *(SORT_BY_NAME(.ctors.*))
 *(.ctors)
 *crtbegin.o(.dtors)
 *crtbegin?.o(.dtors)
 *(EXCLUDE_FILE(*crtend.o *crtend?.o) .dtors)
 *(SORT_BY_NAME(.dtors.*))
 *(.dtors)
 *(.eh_frame*)
 .eh_frame      0x0000000010007d60        0x0 /usr/lib/gcc/arm-none-eabi/9.2.1/thumb/v6-m/nofp/crtbegin.o
                0x0000000010007d60                . = ALIGN (0x4)

.glue_7         0x0000000010007d60        0x0
 .glue_7        0x0000000010007d60        0x0 linker stubs

.glue_7t        0x0000000010007d60        0x0
 .glue_7t       0x0000000010007d60        0x0 linker stubs

.vfp11_veneer   0x0000000010007d60        0x0
 .vfp11_veneer  0x0000000010007d60        0x0 linker stubs

.v4_bx          0x0000000010007d60        0x0
 .v4_bx         0x0000000010007d60        0x0 linker stubs

.iplt           0x0000000010007d60        0x0
 .iplt          0x0000000010007d60        0x0 /usr/lib/gcc/arm-none-eabi/9.2.1/thumb/v6-m/nofp/crtbegin.o

.rodata         0x0000000010007d60     0x1aec
 *(EXCLUDE_FILE(*libm.a: *libc.a:*lib_a-mem*.o *libgcc.a:) .rodata*)
 .rodata.main.str1.4
                0x0000000010007d60      0x14b CMakeFiles/org2-main-recreate.dir/org2-main-recreate.c.obj
 *fill*         0x0000000010007eab        0x1 
 .rodata.font_5x7_letters
                0x0000000010007eac      0x1e0 CMakeFiles/org2-main-recreate.dir/org2-main-recreate.c.obj
                0x0000000010007eac                font_5x7_letters
 .rodata.init_seq2
                0x000000001000808c       0x1e CMakeFiles/org2-main-recreate.dir/org2-main-recreate.c.obj
                0x000000001000808c                init_seq2
 *fill*         0x00000000100080aa        0x2 
 .rodata.spin_lock_claim_unused.str1.4
                0x00000000100080ac       0x1b CMakeFiles/org2-main-recreate.dir/tree/downloaded_tools/pico/pico-sdk/src/rp2_common/hardware_sync/sync.c.obj
 *fill*         0x00000000100080c7        0x1 
 .rodata.repeating_timer_callback.str1.4
                0x00000000100080c8       0x55 CMakeFiles/org2-main-recreate.dir/tree/downloaded_tools/pico/pico-sdk/src/common/pico_time/time.c.obj
 *fill*         0x000000001000811d        0x3 
 .rodata.alarm_pool_dump_key.str1.4
                0x0000000010008120       0x33 CMakeFiles/org2-main-recreate.dir/tree/downloaded_tools/pico/pico-sdk/src/common/pico_time/time.c.obj
 *fill*         0x0000000010008153        0x1 
 .rodata.ph_add_child_node.str1.4
                0x0000000010008154       0x9e CMakeFiles/org2-main-recreate.dir/tree/downloaded_tools/pico/pico-sdk/src/common/pico_time/time.c.obj
 *fill*         0x00000000100081f2        0x2 
 .rodata.add_alarm_under_lock.str1.4
                0x00000000100081f4       0x28 CMakeFiles/org2-main-recreate.dir/tree/downloaded_tools/pico/pico-sdk/src/common/pico_time/time.c.obj
                                         0x2b (size before relaxing)
 .rodata.alarm_pool_alarm_callback.str1.4
                0x000000001000821c       0xee CMakeFiles/org2-main-recreate.dir/tree/downloaded_tools/pico/pico-sdk/src/common/pico_time/time.c.obj
 *fill*         0x000000001000830a        0x2 
 .rodata.alarm_pool_get_default.str1.4
                0x000000001000830c       0x21 CMakeFiles/org2-main-recreate.dir/tree/downloaded_tools/pico/pico-sdk/src/common/pico_time/time.c.obj
 *fill*         0x000000001000832d        0x3 
 .rodata.alarm_pool_cancel_alarm.str1.4
                0x0000000010008330       0x27 CMakeFiles/org2-main-recreate.dir/tree/downloaded_tools/pico/pico-sdk/src/common/pico_time/time.c.obj
 *fill*         0x0000000010008357        0x1 
 .rodata.sleep_until.str1.4
                0x0000000010008358       0x4d CMakeFiles/org2-main-recreate.dir/tree/downloaded_tools/pico/pico-sdk/src/common/pico_time/time.c.obj
 *fill*         0x00000000100083a5        0x3 
 .rodata.__func__.5701
                0x00000000100083a8       0x15 CMakeFiles/org2-main-recreate.dir/tree/downloaded_tools/pico/pico-sdk/src/common/pico_time/time.c.obj
 *fill*         0x00000000100083bd        0x3 
 .rodata.__func__.6002
                0x00000000100083c0        0xc CMakeFiles/org2-main-recreate.dir/tree/downloaded_tools/pico/pico-sdk/src/common/pico_time/time.c.obj
 .rodata.__func__.6009
                0x00000000100083cc       0x12 CMakeFiles/org2-main-recreate.dir/tree/downloaded_tools/pico/pico-sdk/src/common/pico_time/time.c.obj
 *fill*         0x00000000100083de        0x2 
 .rodata.__func__.6025
                0x00000000100083e0        0xf CMakeFiles/org2-main-recreate.dir/tree/downloaded_tools/pico/pico-sdk/src/common/pico_time/time.c.obj
 *fill*         0x00000000100083ef        0x1 
 .rodata.__func__.6047
                0x00000000100083f0        0xd CMakeFiles/org2-main-recreate.dir/tree/downloaded_tools/pico/pico-sdk/src/common/pico_time/time.c.obj
 *fill*         0x00000000100083fd        0x3 
 .rodata.__func__.6248
                0x0000000010008400        0xa CMakeFiles/org2-main-recreate.dir/tree/downloaded_tools/pico/pico-sdk/src/common/pico_time/time.c.obj
 *fill*         0x000000001000840a        0x2 
 .rodata.__func__.6253
                0x000000001000840c       0x12 CMakeFiles/org2-main-recreate.dir/tree/downloaded_tools/pico/pico-sdk/src/common/pico_time/time.c.obj
 *fill*         0x000000001000841e        0x2 
 .rodata.__func__.6268
                0x0000000010008420       0x17 CMakeFiles/org2-main-recreate.dir/tree/downloaded_tools/pico/pico-sdk/src/common/pico_time/time.c.obj
 *fill*         0x0000000010008437        0x1 
 .rodata.__func__.6279
                0x0000000010008438       0x15 CMakeFiles/org2-main-recreate.dir/tree/downloaded_tools/pico/pico-sdk/src/common/pico_time/time.c.obj
 *fill*         0x000000001000844d        0x3 
 .rodata.__func__.6296
                0x0000000010008450       0x1a CMakeFiles/org2-main-recreate.dir/tree/downloaded_tools/pico/pico-sdk/src/common/pico_time/time.c.obj
 *fill*         0x000000001000846a        0x2 
 .rodata.__func__.6335
                0x000000001000846c       0x18 CMakeFiles/org2-main-recreate.dir/tree/downloaded_tools/pico/pico-sdk/src/common/pico_time/time.c.obj
 .rodata.hardware_alarm_claim.str1.4
                0x0000000010008484       0x22 CMakeFiles/org2-main-recreate.dir/tree/downloaded_tools/pico/pico-sdk/src/rp2_common/hardware_timer/timer.c.obj
 .rodata.busy_wait_us.str1.4
                0x00000000100084a6       0x6b CMakeFiles/org2-main-recreate.dir/tree/downloaded_tools/pico/pico-sdk/src/rp2_common/hardware_timer/timer.c.obj
 *fill*         0x00000000100084a6        0x2 
 .rodata.hardware_alarm_set_target.str1.4
                0x00000000100084a8       0x6f CMakeFiles/org2-main-recreate.dir/tree/downloaded_tools/pico/pico-sdk/src/rp2_common/hardware_timer/timer.c.obj
 *fill*         0x0000000010008517        0x1 
 .rodata.__func__.4193
                0x0000000010008518       0x15 CMakeFiles/org2-main-recreate.dir/tree/downloaded_tools/pico/pico-sdk/src/rp2_common/hardware_timer/timer.c.obj
 *fill*         0x000000001000852d        0x3 
 .rodata.__func__.4548
                0x0000000010008530       0x1a CMakeFiles/org2-main-recreate.dir/tree/downloaded_tools/pico/pico-sdk/src/rp2_common/hardware_timer/timer.c.obj
 *fill*         0x000000001000854a        0x2 
 .rodata.str1.4
                0x000000001000854c       0xbd CMakeFiles/org2-main-recreate.dir/tree/downloaded_tools/pico/pico-sdk/src/common/pico_sync/mutex.c.obj
                                        0x129 (size before relaxing)
 *fill*         0x0000000010008609        0x3 
 .rodata.__func__.4193
                0x000000001000860c       0x15 CMakeFiles/org2-main-recreate.dir/tree/downloaded_tools/pico/pico-sdk/src/common/pico_sync/mutex.c.obj
 *fill*         0x0000000010008621        0x3 
 .rodata.__func__.4610
                0x0000000010008624       0x15 CMakeFiles/org2-main-recreate.dir/tree/downloaded_tools/pico/pico-sdk/src/common/pico_sync/mutex.c.obj
 *fill*         0x0000000010008639        0x3 
 .rodata.__func__.4635
                0x000000001000863c       0x18 CMakeFiles/org2-main-recreate.dir/tree/downloaded_tools/pico/pico-sdk/src/common/pico_sync/mutex.c.obj
 .rodata.__func__.4645
                0x0000000010008654        0xb CMakeFiles/org2-main-recreate.dir/tree/downloaded_tools/pico/pico-sdk/src/common/pico_sync/mutex.c.obj
 .rodata.ph_add_child_node.str1.4
                0x000000001000865f       0x9e CMakeFiles/org2-main-recreate.dir/tree/downloaded_tools/pico/pico-sdk/src/common/pico_util/pheap.c.obj
 *fill*         0x000000001000865f        0x1 
 .rodata.ph_remove_any_head.str1.4
                0x0000000010008660       0x98 CMakeFiles/org2-main-recreate.dir/tree/downloaded_tools/pico/pico-sdk/src/common/pico_util/pheap.c.obj
 .rodata.ph_remove_and_free_node.str1.4
                0x00000000100086f8       0x26 CMakeFiles/org2-main-recreate.dir/tree/downloaded_tools/pico/pico-sdk/src/common/pico_util/pheap.c.obj
 *fill*         0x000000001000871e        0x2 
 .rodata.__func__.5708
                0x0000000010008720        0xc CMakeFiles/org2-main-recreate.dir/tree/downloaded_tools/pico/pico-sdk/src/common/pico_util/pheap.c.obj
 .rodata.__func__.5715
                0x000000001000872c       0x12 CMakeFiles/org2-main-recreate.dir/tree/downloaded_tools/pico/pico-sdk/src/common/pico_util/pheap.c.obj
 *fill*         0x000000001000873e        0x2 
 .rodata.__func__.5801
                0x0000000010008740       0x13 CMakeFiles/org2-main-recreate.dir/tree/downloaded_tools/pico/pico-sdk/src/common/pico_util/pheap.c.obj
 *fill*         0x0000000010008753        0x1 
 .rodata.__func__.5819
                0x0000000010008754       0x18 CMakeFiles/org2-main-recreate.dir/tree/downloaded_tools/pico/pico-sdk/src/common/pico_util/pheap.c.obj
 .rodata.__assert_func.str1.4
                0x000000001000876c       0x3f CMakeFiles/org2-main-recreate.dir/tree/downloaded_tools/pico/pico-sdk/src/rp2_common/pico_runtime/runtime.c.obj
                                         0x43 (size before relaxing)
 *fill*         0x00000000100087ab        0x1 
 .rodata.panic.str1.4
                0x00000000100087ac       0x10 CMakeFiles/org2-main-recreate.dir/tree/downloaded_tools/pico/pico-sdk/src/rp2_common/pico_runtime/runtime.c.obj
                                         0x12 (size before relaxing)
 .rodata.clock_configure.str1.4
                0x00000000100087bc       0x61 CMakeFiles/org2-main-recreate.dir/tree/downloaded_tools/pico/pico-sdk/src/rp2_common/hardware_clocks/clocks.c.obj
 *fill*         0x000000001000881d        0x3 
 .rodata.__func__.4667
                0x0000000010008820       0x10 CMakeFiles/org2-main-recreate.dir/tree/downloaded_tools/pico/pico-sdk/src/rp2_common/hardware_clocks/clocks.c.obj
 .rodata.make_branch.str1.4
                0x0000000010008830       0x57 CMakeFiles/org2-main-recreate.dir/tree/downloaded_tools/pico/pico-sdk/src/rp2_common/hardware_irq/irq.c.obj
 *fill*         0x0000000010008887        0x1 
 .rodata.irq_set_exclusive_handler.str1.4
                0x0000000010008888       0x36 CMakeFiles/org2-main-recreate.dir/tree/downloaded_tools/pico/pico-sdk/src/rp2_common/hardware_irq/irq.c.obj
 *fill*         0x00000000100088be        0x2 
 .rodata.irq_add_shared_handler.str1.4
                0x00000000100088c0       0xd9 CMakeFiles/org2-main-recreate.dir/tree/downloaded_tools/pico/pico-sdk/src/rp2_common/hardware_irq/irq.c.obj
 *fill*         0x0000000010008999        0x3 
 .rodata.irq_remove_handler.str1.4
                0x000000001000899c       0x2a CMakeFiles/org2-main-recreate.dir/tree/downloaded_tools/pico/pico-sdk/src/rp2_common/hardware_irq/irq.c.obj
 *fill*         0x00000000100089c6        0x2 
 .rodata.irq_add_tail_to_free_list.str1.4
                0x00000000100089c8       0x32 CMakeFiles/org2-main-recreate.dir/tree/downloaded_tools/pico/pico-sdk/src/rp2_common/hardware_irq/irq.c.obj
                                         0x3a (size before relaxing)
 *fill*         0x00000000100089fa        0x2 
 .rodata.__func__.4703
                0x00000000100089fc       0x1a CMakeFiles/org2-main-recreate.dir/tree/downloaded_tools/pico/pico-sdk/src/rp2_common/hardware_irq/irq.c.obj
 *fill*         0x0000000010008a16        0x2 
 .rodata.__func__.4717
                0x0000000010008a18        0xc CMakeFiles/org2-main-recreate.dir/tree/downloaded_tools/pico/pico-sdk/src/rp2_common/hardware_irq/irq.c.obj
 .rodata.__func__.4725
                0x0000000010008a24       0x17 CMakeFiles/org2-main-recreate.dir/tree/downloaded_tools/pico/pico-sdk/src/rp2_common/hardware_irq/irq.c.obj
 *fill*         0x0000000010008a3b        0x1 
 .rodata.__func__.4729
                0x0000000010008a3c        0xf CMakeFiles/org2-main-recreate.dir/tree/downloaded_tools/pico/pico-sdk/src/rp2_common/hardware_irq/irq.c.obj
 *fill*         0x0000000010008a4b        0x1 
 .rodata.__func__.4768
                0x0000000010008a4c       0x13 CMakeFiles/org2-main-recreate.dir/tree/downloaded_tools/pico/pico-sdk/src/rp2_common/hardware_irq/irq.c.obj
 *fill*         0x0000000010008a5f        0x1 
 .rodata.__func__.4787
                0x0000000010008a60       0x1a CMakeFiles/org2-main-recreate.dir/tree/downloaded_tools/pico/pico-sdk/src/rp2_common/hardware_irq/irq.c.obj
 *fill*         0x0000000010008a7a        0x2 
 .rodata.pll_init.str1.4
                0x0000000010008a7c       0xe3 CMakeFiles/org2-main-recreate.dir/tree/downloaded_tools/pico/pico-sdk/src/rp2_common/hardware_pll/pll.c.obj
 *fill*         0x0000000010008b5f        0x1 
 .rodata.__func__.4402
                0x0000000010008b60        0x9 CMakeFiles/org2-main-recreate.dir/tree/downloaded_tools/pico/pico-sdk/src/rp2_common/hardware_pll/pll.c.obj
 *fill*         0x0000000010008b69        0x3 
 .rodata._ftoa.str1.4
                0x0000000010008b6c       0x15 CMakeFiles/org2-main-recreate.dir/tree/downloaded_tools/pico/pico-sdk/src/rp2_common/pico_printf/printf.c.obj
 *fill*         0x0000000010008b81        0x3 
 .rodata._vsnprintf
                0x0000000010008b84      0x1e0 CMakeFiles/org2-main-recreate.dir/tree/downloaded_tools/pico/pico-sdk/src/rp2_common/pico_printf/printf.c.obj
 *fill*         0x0000000010008d64        0x4 
 .rodata.pow10.5422
                0x0000000010008d68       0x50 CMakeFiles/org2-main-recreate.dir/tree/downloaded_tools/pico/pico-sdk/src/rp2_common/pico_printf/printf.c.obj
 .rodata.__aeabi_double_init.str1.4
                0x0000000010008db8       0xb2 CMakeFiles/org2-main-recreate.dir/tree/downloaded_tools/pico/pico-sdk/src/rp2_common/pico_double/double_init_rom.c.obj
 *fill*         0x0000000010008e6a        0x2 
 .rodata.__func__.4668
                0x0000000010008e6c       0x14 CMakeFiles/org2-main-recreate.dir/tree/downloaded_tools/pico/pico-sdk/src/rp2_common/pico_double/double_init_rom.c.obj
 .rodata.__aeabi_float_init.str1.4
                0x0000000010008e80       0x84 CMakeFiles/org2-main-recreate.dir/tree/downloaded_tools/pico/pico-sdk/src/rp2_common/pico_float/float_init_rom.c.obj
                                         0x88 (size before relaxing)
 .rodata.__func__.4670
                0x0000000010008f04       0x13 CMakeFiles/org2-main-recreate.dir/tree/downloaded_tools/pico/pico-sdk/src/rp2_common/pico_float/float_init_rom.c.obj
 *fill*         0x0000000010008f17        0x1 
 .rodata.str1.4
                0x0000000010008f18       0x4c CMakeFiles/org2-main-recreate.dir/tree/downloaded_tools/pico/pico-sdk/src/rp2_common/pico_standard_link/binary_info.c.obj
 .rodata.__bi_44
                0x0000000010008f64        0xc CMakeFiles/org2-main-recreate.dir/tree/downloaded_tools/pico/pico-sdk/src/rp2_common/pico_standard_link/binary_info.c.obj
 .rodata.__bi_56
                0x0000000010008f70        0xc CMakeFiles/org2-main-recreate.dir/tree/downloaded_tools/pico/pico-sdk/src/rp2_common/pico_standard_link/binary_info.c.obj
 .rodata.__bi_75
                0x0000000010008f7c        0xc CMakeFiles/org2-main-recreate.dir/tree/downloaded_tools/pico/pico-sdk/src/rp2_common/pico_standard_link/binary_info.c.obj
 .rodata.__bi_81
                0x0000000010008f88        0xc CMakeFiles/org2-main-recreate.dir/tree/downloaded_tools/pico/pico-sdk/src/rp2_common/pico_standard_link/binary_info.c.obj
 .rodata.__wrap_getchar.str1.4
                0x0000000010008f94       0x53 CMakeFiles/org2-main-recreate.dir/tree/downloaded_tools/pico/pico-sdk/src/rp2_common/pico_stdio/stdio.c.obj
 .rodata.getchar_timeout_us.str1.4
                0x0000000010008fe7       0x6f CMakeFiles/org2-main-recreate.dir/tree/downloaded_tools/pico/pico-sdk/src/rp2_common/pico_stdio/stdio.c.obj
 *fill*         0x0000000010008fe7        0x1 
 .rodata.__func__.5424
                0x0000000010008fe8       0x15 CMakeFiles/org2-main-recreate.dir/tree/downloaded_tools/pico/pico-sdk/src/rp2_common/pico_stdio/stdio.c.obj
 *fill*         0x0000000010008ffd        0x3 
 .rodata.__func__.6119
                0x0000000010009000       0x13 CMakeFiles/org2-main-recreate.dir/tree/downloaded_tools/pico/pico-sdk/src/rp2_common/pico_stdio/stdio.c.obj
 *fill*         0x0000000010009013        0x1 
 .rodata.crlf_str.6013
                0x0000000010009014        0x2 CMakeFiles/org2-main-recreate.dir/tree/downloaded_tools/pico/pico-sdk/src/rp2_common/pico_stdio/stdio.c.obj
 *fill*         0x0000000010009016        0x2 
 .rodata.str1.4
                0x0000000010009018       0x2c CMakeFiles/org2-main-recreate.dir/tree/downloaded_tools/pico/pico-sdk/src/rp2_common/pico_stdio_uart/stdio_uart.c.obj
 .rodata.__bi_28.4739
                0x0000000010009044        0xc CMakeFiles/org2-main-recreate.dir/tree/downloaded_tools/pico/pico-sdk/src/rp2_common/pico_stdio_uart/stdio_uart.c.obj
 .rodata.__bi_29.4743
                0x0000000010009050        0x8 CMakeFiles/org2-main-recreate.dir/tree/downloaded_tools/pico/pico-sdk/src/rp2_common/pico_stdio_uart/stdio_uart.c.obj
 .rodata._resetd_driver
                0x0000000010009058       0x18 CMakeFiles/org2-main-recreate.dir/tree/downloaded_tools/pico/pico-sdk/src/rp2_common/pico_stdio_usb/reset_interface.c.obj
 .rodata.stdio_usb_init.str1.4
                0x0000000010009070       0x6b CMakeFiles/org2-main-recreate.dir/tree/downloaded_tools/pico/pico-sdk/src/rp2_common/pico_stdio_usb/stdio_usb.c.obj
 .rodata.str1.4
                0x0000000010009070       0x13 CMakeFiles/org2-main-recreate.dir/tree/downloaded_tools/pico/pico-sdk/src/rp2_common/pico_stdio_usb/stdio_usb.c.obj
 *fill*         0x0000000010009083        0x1 
 .rodata.__bi_93.7154
                0x0000000010009084        0xc CMakeFiles/org2-main-recreate.dir/tree/downloaded_tools/pico/pico-sdk/src/rp2_common/pico_stdio_usb/stdio_usb.c.obj
 .rodata.__func__.5424
                0x0000000010009090       0x15 CMakeFiles/org2-main-recreate.dir/tree/downloaded_tools/pico/pico-sdk/src/rp2_common/pico_stdio_usb/stdio_usb.c.obj
 *fill*         0x00000000100090a5        0x3 
 .rodata.str1.4
                0x00000000100090a8       0x2a CMakeFiles/org2-main-recreate.dir/tree/downloaded_tools/pico/pico-sdk/src/rp2_common/pico_stdio_usb/stdio_usb_descriptors.c.obj
 *fill*         0x00000000100090d2        0x2 
 .rodata.usbd_desc_cfg
                0x00000000100090d4       0x54 CMakeFiles/org2-main-recreate.dir/tree/downloaded_tools/pico/pico-sdk/src/rp2_common/pico_stdio_usb/stdio_usb_descriptors.c.obj
 .rodata.usbd_desc_device
                0x0000000010009128       0x12 CMakeFiles/org2-main-recreate.dir/tree/downloaded_tools/pico/pico-sdk/src/rp2_common/pico_stdio_usb/stdio_usb_descriptors.c.obj
 *fill*         0x000000001000913a        0x2 
 .rodata.usbd_desc_str
                0x000000001000913c       0x18 CMakeFiles/org2-main-recreate.dir/tree/downloaded_tools/pico/pico-sdk/src/rp2_common/pico_stdio_usb/stdio_usb_descriptors.c.obj
 .rodata._hw_endpoint_alloc.str1.4
                0x0000000010009154       0xc1 CMakeFiles/org2-main-recreate.dir/tree/downloaded_tools/pico/pico-sdk/lib/tinyusb/src/portable/raspberrypi/rp2040/dcd_rp2040.c.obj
 *fill*         0x0000000010009215        0x3 
 .rodata._hw_endpoint_init.str1.4
                0x0000000010009218       0x28 CMakeFiles/org2-main-recreate.dir/tree/downloaded_tools/pico/pico-sdk/lib/tinyusb/src/portable/raspberrypi/rp2040/dcd_rp2040.c.obj
 .rodata.hw_handle_buff_status.str1.4
                0x0000000010009240        0xb CMakeFiles/org2-main-recreate.dir/tree/downloaded_tools/pico/pico-sdk/lib/tinyusb/src/portable/raspberrypi/rp2040/dcd_rp2040.c.obj
 *fill*         0x000000001000924b        0x1 
 .rodata.dcd_rp2040_irq.str1.4
                0x000000001000924c       0x14 CMakeFiles/org2-main-recreate.dir/tree/downloaded_tools/pico/pico-sdk/lib/tinyusb/src/portable/raspberrypi/rp2040/dcd_rp2040.c.obj
 .rodata._hw_endpoint_stall.str1.4
                0x0000000010009260        0xd CMakeFiles/org2-main-recreate.dir/tree/downloaded_tools/pico/pico-sdk/lib/tinyusb/src/portable/raspberrypi/rp2040/dcd_rp2040.c.obj
 *fill*         0x000000001000926d        0x3 
 .rodata.dcd_int_enable.str1.4
                0x0000000010009270        0xc CMakeFiles/org2-main-recreate.dir/tree/downloaded_tools/pico/pico-sdk/lib/tinyusb/src/portable/raspberrypi/rp2040/dcd_rp2040.c.obj
 .rodata.__func__.6859
                0x000000001000927c       0x13 CMakeFiles/org2-main-recreate.dir/tree/downloaded_tools/pico/pico-sdk/lib/tinyusb/src/portable/raspberrypi/rp2040/dcd_rp2040.c.obj
 *fill*         0x000000001000928f        0x1 
 .rodata.__func__.6890
                0x0000000010009290       0x16 CMakeFiles/org2-main-recreate.dir/tree/downloaded_tools/pico/pico-sdk/lib/tinyusb/src/portable/raspberrypi/rp2040/dcd_rp2040.c.obj
 *fill*         0x00000000100092a6        0x2 
 .rodata.__func__.6911
                0x00000000100092a8       0x13 CMakeFiles/org2-main-recreate.dir/tree/downloaded_tools/pico/pico-sdk/lib/tinyusb/src/portable/raspberrypi/rp2040/dcd_rp2040.c.obj
 *fill*         0x00000000100092bb        0x1 
 .rodata.__func__.6932
                0x00000000100092bc        0x9 CMakeFiles/org2-main-recreate.dir/tree/downloaded_tools/pico/pico-sdk/lib/tinyusb/src/portable/raspberrypi/rp2040/dcd_rp2040.c.obj
 *fill*         0x00000000100092c5        0x3 
 .rodata.__func__.6936
                0x00000000100092c8        0xf CMakeFiles/org2-main-recreate.dir/tree/downloaded_tools/pico/pico-sdk/lib/tinyusb/src/portable/raspberrypi/rp2040/dcd_rp2040.c.obj
 *fill*         0x00000000100092d7        0x1 
 .rodata.__func__.6945
                0x00000000100092d8       0x10 CMakeFiles/org2-main-recreate.dir/tree/downloaded_tools/pico/pico-sdk/lib/tinyusb/src/portable/raspberrypi/rp2040/dcd_rp2040.c.obj
 .rodata.__func__.6957
                0x00000000100092e8        0xc CMakeFiles/org2-main-recreate.dir/tree/downloaded_tools/pico/pico-sdk/lib/tinyusb/src/portable/raspberrypi/rp2040/dcd_rp2040.c.obj
 .rodata.__func__.6962